14:19:12 **** Incremental Build of configuration Debug for project Exercise_2 ****
make -j24 all 
arm-none-eabi-gcc "../Core/Src/main.c" -mcpu=cortex-m4 -std=gnu11 -g3 -DUSE_HAL_DRIVER -DSTM32F411xE -DDEBUG -c -I../Middlewares/Third_Party/FreeRTOS/Source/include -I../Middlewares/Third_Party/FreeRTOS/Source/portable/GCC/ARM_CM4F -I../Drivers/CMSIS/Include -I../Drivers/STM32F4xx_HAL_Driver/Inc -I../Core/Inc -I../Drivers/CMSIS/Device/ST/STM32F4xx/Include -I../Middlewares/Third_Party/FreeRTOS/Source/CMSIS_RTOS -I../Drivers/STM32F4xx_HAL_Driver/Inc/Legacy -O0 -ffunction-sections -fdata-sections -Wall -fstack-usage -MMD -MP -MF"Core/Src/main.d" -MT"Core/Src/main.o" --specs=nano.specs -mfpu=fpv4-sp-d16 -mfloat-abi=hard -mthumb -o "Core/Src/main.o"
arm-none-eabi-g++ -o "Exercise_2.elf" @"objects.list"   -mcpu=cortex-m4 -T"S:\Documents\gitrepos\CPET461\CPET461_Lab2\Exercise_2\STM32F411VETX_FLASH.ld" --specs=nosys.specs -Wl,-Map="Exercise_2.map" -Wl,--gc-sections -static --specs=nano.specs -mfpu=fpv4-sp-d16 -mfloat-abi=hard -mthumb -Wl,--start-group -lc -lm -lstdc++ -lsupc++ -Wl,--end-group
Finished building target: Exercise_2.elf
 
arm-none-eabi-objdump -h -S  Exercise_2.elf  > "Exercise_2.list"
arm-none-eabi-size   Exercise_2.elf 
   text	   data	    bss	    dec	    hex	filename
  18056	     24	  18240	  36320	   8de0	Exercise_2.elf
Finished building: default.size.stdout
 
Finished building: Exercise_2.list
 

14:19:15 Build Finished. 0 errors, 0 warnings. (took 2s.977ms)

