Archive member included to satisfy reference by file (symbol)

c:/rtos/stm32cubeide/plugins/com.st.stm32cube.ide.mcu.externaltools.gnu-tools-for-stm32.7-2018-q2-update.win32_1.0.0.201904181610/tools/bin/../lib/gcc/arm-none-eabi/7.3.1/../../../../arm-none-eabi/lib/thumb/v7e-m/fpv4-sp/hard\libc_nano.a(lib_a-errno.o)
                              Core/Src/syscalls.o (__errno)
c:/rtos/stm32cubeide/plugins/com.st.stm32cube.ide.mcu.externaltools.gnu-tools-for-stm32.7-2018-q2-update.win32_1.0.0.201904181610/tools/bin/../lib/gcc/arm-none-eabi/7.3.1/../../../../arm-none-eabi/lib/thumb/v7e-m/fpv4-sp/hard\libc_nano.a(lib_a-exit.o)
                              c:/rtos/stm32cubeide/plugins/com.st.stm32cube.ide.mcu.externaltools.gnu-tools-for-stm32.7-2018-q2-update.win32_1.0.0.201904181610/tools/bin/../lib/gcc/arm-none-eabi/7.3.1/../../../../arm-none-eabi/lib/thumb/v7e-m/fpv4-sp/hard/crt0.o (exit)
c:/rtos/stm32cubeide/plugins/com.st.stm32cube.ide.mcu.externaltools.gnu-tools-for-stm32.7-2018-q2-update.win32_1.0.0.201904181610/tools/bin/../lib/gcc/arm-none-eabi/7.3.1/../../../../arm-none-eabi/lib/thumb/v7e-m/fpv4-sp/hard\libc_nano.a(lib_a-impure.o)
                              c:/rtos/stm32cubeide/plugins/com.st.stm32cube.ide.mcu.externaltools.gnu-tools-for-stm32.7-2018-q2-update.win32_1.0.0.201904181610/tools/bin/../lib/gcc/arm-none-eabi/7.3.1/../../../../arm-none-eabi/lib/thumb/v7e-m/fpv4-sp/hard\libc_nano.a(lib_a-exit.o) (_global_impure_ptr)
c:/rtos/stm32cubeide/plugins/com.st.stm32cube.ide.mcu.externaltools.gnu-tools-for-stm32.7-2018-q2-update.win32_1.0.0.201904181610/tools/bin/../lib/gcc/arm-none-eabi/7.3.1/../../../../arm-none-eabi/lib/thumb/v7e-m/fpv4-sp/hard\libc_nano.a(lib_a-init.o)
                              c:/rtos/stm32cubeide/plugins/com.st.stm32cube.ide.mcu.externaltools.gnu-tools-for-stm32.7-2018-q2-update.win32_1.0.0.201904181610/tools/bin/../lib/gcc/arm-none-eabi/7.3.1/../../../../arm-none-eabi/lib/thumb/v7e-m/fpv4-sp/hard/crt0.o (__libc_init_array)
c:/rtos/stm32cubeide/plugins/com.st.stm32cube.ide.mcu.externaltools.gnu-tools-for-stm32.7-2018-q2-update.win32_1.0.0.201904181610/tools/bin/../lib/gcc/arm-none-eabi/7.3.1/../../../../arm-none-eabi/lib/thumb/v7e-m/fpv4-sp/hard\libc_nano.a(lib_a-memcpy-stub.o)
                              Middlewares/Third_Party/FreeRTOS/Source/queue.o (memcpy)
c:/rtos/stm32cubeide/plugins/com.st.stm32cube.ide.mcu.externaltools.gnu-tools-for-stm32.7-2018-q2-update.win32_1.0.0.201904181610/tools/bin/../lib/gcc/arm-none-eabi/7.3.1/../../../../arm-none-eabi/lib/thumb/v7e-m/fpv4-sp/hard\libc_nano.a(lib_a-memset.o)
                              c:/rtos/stm32cubeide/plugins/com.st.stm32cube.ide.mcu.externaltools.gnu-tools-for-stm32.7-2018-q2-update.win32_1.0.0.201904181610/tools/bin/../lib/gcc/arm-none-eabi/7.3.1/../../../../arm-none-eabi/lib/thumb/v7e-m/fpv4-sp/hard/crt0.o (memset)
c:/rtos/stm32cubeide/plugins/com.st.stm32cube.ide.mcu.externaltools.gnu-tools-for-stm32.7-2018-q2-update.win32_1.0.0.201904181610/tools/bin/../lib/gcc/arm-none-eabi/7.3.1/thumb/v7e-m/fpv4-sp/hard\libgcc.a(_aeabi_uldivmod.o)
                              Drivers/STM32F4xx_HAL_Driver/Src/stm32f4xx_hal_rcc.o (__aeabi_uldivmod)
c:/rtos/stm32cubeide/plugins/com.st.stm32cube.ide.mcu.externaltools.gnu-tools-for-stm32.7-2018-q2-update.win32_1.0.0.201904181610/tools/bin/../lib/gcc/arm-none-eabi/7.3.1/thumb/v7e-m/fpv4-sp/hard\libgcc.a(_udivmoddi4.o)
                              c:/rtos/stm32cubeide/plugins/com.st.stm32cube.ide.mcu.externaltools.gnu-tools-for-stm32.7-2018-q2-update.win32_1.0.0.201904181610/tools/bin/../lib/gcc/arm-none-eabi/7.3.1/thumb/v7e-m/fpv4-sp/hard\libgcc.a(_aeabi_uldivmod.o) (__udivmoddi4)
c:/rtos/stm32cubeide/plugins/com.st.stm32cube.ide.mcu.externaltools.gnu-tools-for-stm32.7-2018-q2-update.win32_1.0.0.201904181610/tools/bin/../lib/gcc/arm-none-eabi/7.3.1/thumb/v7e-m/fpv4-sp/hard\libgcc.a(_dvmd_tls.o)
                              c:/rtos/stm32cubeide/plugins/com.st.stm32cube.ide.mcu.externaltools.gnu-tools-for-stm32.7-2018-q2-update.win32_1.0.0.201904181610/tools/bin/../lib/gcc/arm-none-eabi/7.3.1/thumb/v7e-m/fpv4-sp/hard\libgcc.a(_aeabi_uldivmod.o) (__aeabi_ldiv0)

Allocating common symbols
Common symbol       size              file

Green_LED_TaskHandle
                    0x4               Core/Src/main.o
hi2c1               0x54              Core/Src/main.o
uwTick              0x4               Drivers/STM32F4xx_HAL_Driver/Src/stm32f4xx_hal.o
xQueueRegistry      0x40              Middlewares/Third_Party/FreeRTOS/Source/queue.o
pFlash              0x20              Drivers/STM32F4xx_HAL_Driver/Src/stm32f4xx_hal_flash.o
Orange_LED_TaskHandle
                    0x4               Core/Src/main.o
EFSema              0x4               Core/Src/Deferred_Sever.o
Deferred_TaskHandle
                    0x4               Core/Src/main.o
htim1               0x40              Core/Src/stm32f4xx_hal_timebase_tim.o
hspi1               0x58              Core/Src/main.o
[...]
Memory Configuration

Name             Origin             Length             Attributes
RAM              0x0000000020000000 0x0000000000020000 xrw
FLASH            0x0000000008000000 0x0000000000080000 xr
*default*        0x0000000000000000 0xffffffffffffffff

Linker script and memory map

LOAD c:/rtos/stm32cubeide/plugins/com.st.stm32cube.ide.mcu.externaltools.gnu-tools-for-stm32.7-2018-q2-update.win32_1.0.0.201904181610/tools/bin/../lib/gcc/arm-none-eabi/7.3.1/thumb/v7e-m/fpv4-sp/hard/crti.o
LOAD c:/rtos/stm32cubeide/plugins/com.st.stm32cube.ide.mcu.externaltools.gnu-tools-for-stm32.7-2018-q2-update.win32_1.0.0.201904181610/tools/bin/../lib/gcc/arm-none-eabi/7.3.1/thumb/v7e-m/fpv4-sp/hard/crtbegin.o
LOAD c:/rtos/stm32cubeide/plugins/com.st.stm32cube.ide.mcu.externaltools.gnu-tools-for-stm32.7-2018-q2-update.win32_1.0.0.201904181610/tools/bin/../lib/gcc/arm-none-eabi/7.3.1/../../../../arm-none-eabi/lib/thumb/v7e-m/fpv4-sp/hard/crt0.o
LOAD Core/Src/Deferred_Sever.o
LOAD Core/Src/freertos.o
LOAD Core/Src/main.o
LOAD Core/Src/stm32f4xx_hal_msp.o
LOAD Core/Src/stm32f4xx_hal_timebase_tim.o
LOAD Core/Src/stm32f4xx_it.o
LOAD Core/Src/syscalls.o
LOAD Core/Src/sysmem.o
LOAD Core/Src/system_stm32f4xx.o
LOAD Core/Startup/startup_stm32f411vetx.o
LOAD Drivers/STM32F4xx_HAL_Driver/Src/stm32f4xx_hal.o
LOAD Drivers/STM32F4xx_HAL_Driver/Src/stm32f4xx_hal_cortex.o
LOAD Drivers/STM32F4xx_HAL_Driver/Src/stm32f4xx_hal_dma.o
LOAD Drivers/STM32F4xx_HAL_Driver/Src/stm32f4xx_hal_dma_ex.o
LOAD Drivers/STM32F4xx_HAL_Driver/Src/stm32f4xx_hal_exti.o
LOAD Drivers/STM32F4xx_HAL_Driver/Src/stm32f4xx_hal_flash.o
LOAD Drivers/STM32F4xx_HAL_Driver/Src/stm32f4xx_hal_flash_ex.o
LOAD Drivers/STM32F4xx_HAL_Driver/Src/stm32f4xx_hal_flash_ramfunc.o
LOAD Drivers/STM32F4xx_HAL_Driver/Src/stm32f4xx_hal_gpio.o
LOAD Drivers/STM32F4xx_HAL_Driver/Src/stm32f4xx_hal_i2c.o
LOAD Drivers/STM32F4xx_HAL_Driver/Src/stm32f4xx_hal_i2c_ex.o
LOAD Drivers/STM32F4xx_HAL_Driver/Src/stm32f4xx_hal_i2s.o
LOAD Drivers/STM32F4xx_HAL_Driver/Src/stm32f4xx_hal_i2s_ex.o
LOAD Drivers/STM32F4xx_HAL_Driver/Src/stm32f4xx_hal_pwr.o
LOAD Drivers/STM32F4xx_HAL_Driver/Src/stm32f4xx_hal_pwr_ex.o
LOAD Drivers/STM32F4xx_HAL_Driver/Src/stm32f4xx_hal_rcc.o
LOAD Drivers/STM32F4xx_HAL_Driver/Src/stm32f4xx_hal_rcc_ex.o
LOAD Drivers/STM32F4xx_HAL_Driver/Src/stm32f4xx_hal_spi.o
LOAD Drivers/STM32F4xx_HAL_Driver/Src/stm32f4xx_hal_tim.o
LOAD Drivers/STM32F4xx_HAL_Driver/Src/stm32f4xx_hal_tim_ex.o
LOAD Middlewares/Third_Party/FreeRTOS/Source/CMSIS_RTOS/cmsis_os.o
LOAD Middlewares/Third_Party/FreeRTOS/Source/croutine.o
LOAD Middlewares/Third_Party/FreeRTOS/Source/event_groups.o
LOAD Middlewares/Third_Party/FreeRTOS/Source/list.o
LOAD Middlewares/Third_Party/FreeRTOS/Source/queue.o
LOAD Middlewares/Third_Party/FreeRTOS/Source/stream_buffer.o
LOAD Middlewares/Third_Party/FreeRTOS/Source/tasks.o
LOAD Middlewares/Third_Party/FreeRTOS/Source/timers.o
LOAD Middlewares/Third_Party/FreeRTOS/Source/portable/GCC/ARM_CM4F/port.o
LOAD Middlewares/Third_Party/FreeRTOS/Source/portable/MemMang/heap_4.o
START GROUP
LOAD c:/rtos/stm32cubeide/plugins/com.st.stm32cube.ide.mcu.externaltools.gnu-tools-for-stm32.7-2018-q2-update.win32_1.0.0.201904181610/tools/bin/../lib/gcc/arm-none-eabi/7.3.1/../../../../arm-none-eabi/lib/thumb/v7e-m/fpv4-sp/hard\libstdc++_nano.a
LOAD c:/rtos/stm32cubeide/plugins/com.st.stm32cube.ide.mcu.externaltools.gnu-tools-for-stm32.7-2018-q2-update.win32_1.0.0.201904181610/tools/bin/../lib/gcc/arm-none-eabi/7.3.1/../../../../arm-none-eabi/lib/thumb/v7e-m/fpv4-sp/hard\libsupc++_nano.a
END GROUP
LOAD c:/rtos/stm32cubeide/plugins/com.st.stm32cube.ide.mcu.externaltools.gnu-tools-for-stm32.7-2018-q2-update.win32_1.0.0.201904181610/tools/bin/../lib/gcc/arm-none-eabi/7.3.1/../../../../arm-none-eabi/lib/thumb/v7e-m/fpv4-sp/hard\libstdc++_nano.a
LOAD c:/rtos/stm32cubeide/plugins/com.st.stm32cube.ide.mcu.externaltools.gnu-tools-for-stm32.7-2018-q2-update.win32_1.0.0.201904181610/tools/bin/../lib/gcc/arm-none-eabi/7.3.1/../../../../arm-none-eabi/lib/thumb/v7e-m/fpv4-sp/hard\libm.a
LOAD c:/rtos/stm32cubeide/plugins/com.st.stm32cube.ide.mcu.externaltools.gnu-tools-for-stm32.7-2018-q2-update.win32_1.0.0.201904181610/tools/bin/../lib/gcc/arm-none-eabi/7.3.1/../../../../arm-none-eabi/lib/thumb/v7e-m/fpv4-sp/hard\libc_nano.a
START GROUP
LOAD c:/rtos/stm32cubeide/plugins/com.st.stm32cube.ide.mcu.externaltools.gnu-tools-for-stm32.7-2018-q2-update.win32_1.0.0.201904181610/tools/bin/../lib/gcc/arm-none-eabi/7.3.1/thumb/v7e-m/fpv4-sp/hard\libgcc.a
LOAD c:/rtos/stm32cubeide/plugins/com.st.stm32cube.ide.mcu.externaltools.gnu-tools-for-stm32.7-2018-q2-update.win32_1.0.0.201904181610/tools/bin/../lib/gcc/arm-none-eabi/7.3.1/../../../../arm-none-eabi/lib/thumb/v7e-m/fpv4-sp/hard\libc_nano.a
END GROUP
START GROUP
LOAD c:/rtos/stm32cubeide/plugins/com.st.stm32cube.ide.mcu.externaltools.gnu-tools-for-stm32.7-2018-q2-update.win32_1.0.0.201904181610/tools/bin/../lib/gcc/arm-none-eabi/7.3.1/thumb/v7e-m/fpv4-sp/hard\libgcc.a
LOAD c:/rtos/stm32cubeide/plugins/com.st.stm32cube.ide.mcu.externaltools.gnu-tools-for-stm32.7-2018-q2-update.win32_1.0.0.201904181610/tools/bin/../lib/gcc/arm-none-eabi/7.3.1/../../../../arm-none-eabi/lib/thumb/v7e-m/fpv4-sp/hard\libc_nano.a
LOAD c:/rtos/stm32cubeide/plugins/com.st.stm32cube.ide.mcu.externaltools.gnu-tools-for-stm32.7-2018-q2-update.win32_1.0.0.201904181610/tools/bin/../lib/gcc/arm-none-eabi/7.3.1/../../../../arm-none-eabi/lib/thumb/v7e-m/fpv4-sp/hard\libnosys.a
END GROUP
START GROUP
LOAD c:/rtos/stm32cubeide/plugins/com.st.stm32cube.ide.mcu.externaltools.gnu-tools-for-stm32.7-2018-q2-update.win32_1.0.0.201904181610/tools/bin/../lib/gcc/arm-none-eabi/7.3.1/thumb/v7e-m/fpv4-sp/hard\libgcc.a
LOAD c:/rtos/stm32cubeide/plugins/com.st.stm32cube.ide.mcu.externaltools.gnu-tools-for-stm32.7-2018-q2-update.win32_1.0.0.201904181610/tools/bin/../lib/gcc/arm-none-eabi/7.3.1/../../../../arm-none-eabi/lib/thumb/v7e-m/fpv4-sp/hard\libc_nano.a
LOAD c:/rtos/stm32cubeide/plugins/com.st.stm32cube.ide.mcu.externaltools.gnu-tools-for-stm32.7-2018-q2-update.win32_1.0.0.201904181610/tools/bin/../lib/gcc/arm-none-eabi/7.3.1/../../../../arm-none-eabi/lib/thumb/v7e-m/fpv4-sp/hard\libnosys.a
END GROUP
LOAD c:/rtos/stm32cubeide/plugins/com.st.stm32cube.ide.mcu.externaltools.gnu-tools-for-stm32.7-2018-q2-update.win32_1.0.0.201904181610/tools/bin/../lib/gcc/arm-none-eabi/7.3.1/thumb/v7e-m/fpv4-sp/hard/crtend.o
LOAD c:/rtos/stm32cubeide/plugins/com.st.stm32cube.ide.mcu.externaltools.gnu-tools-for-stm32.7-2018-q2-update.win32_1.0.0.201904181610/tools/bin/../lib/gcc/arm-none-eabi/7.3.1/thumb/v7e-m/fpv4-sp/hard/crtn.o
                0x0000000020020000                _estack = (ORIGIN (RAM) + LENGTH (RAM))
                0x0000000000000200                _Min_Heap_Size = 0x200
                0x0000000000000400                _Min_Stack_Size = 0x400

.isr_vector     0x0000000008000000      0x198
                0x0000000008000000                . = ALIGN (0x4)
 *(.isr_vector)
 .isr_vector    0x0000000008000000      0x198 Core/Startup/startup_stm32f411vetx.o
                0x0000000008000000                g_pfnVectors
                0x0000000008000198                . = ALIGN (0x4)

.text           0x00000000080001a0     0x50bc
                0x00000000080001a0                . = ALIGN (0x4)
 *(.text)
 .text          0x00000000080001a0       0x40 c:/rtos/stm32cubeide/plugins/com.st.stm32cube.ide.mcu.externaltools.gnu-tools-for-stm32.7-2018-q2-update.win32_1.0.0.201904181610/tools/bin/../lib/gcc/arm-none-eabi/7.3.1/thumb/v7e-m/fpv4-sp/hard/crtbegin.o
 .text          0x00000000080001e0       0x30 c:/rtos/stm32cubeide/plugins/com.st.stm32cube.ide.mcu.externaltools.gnu-tools-for-stm32.7-2018-q2-update.win32_1.0.0.201904181610/tools/bin/../lib/gcc/arm-none-eabi/7.3.1/thumb/v7e-m/fpv4-sp/hard\libgcc.a(_aeabi_uldivmod.o)
                0x00000000080001e0                __aeabi_uldivmod
 .text          0x0000000008000210      0x2cc c:/rtos/stm32cubeide/plugins/com.st.stm32cube.ide.mcu.externaltools.gnu-tools-for-stm32.7-2018-q2-update.win32_1.0.0.201904181610/tools/bin/../lib/gcc/arm-none-eabi/7.3.1/thumb/v7e-m/fpv4-sp/hard\libgcc.a(_udivmoddi4.o)
                0x0000000008000210                __udivmoddi4
 .text          0x00000000080004dc        0x4 c:/rtos/stm32cubeide/plugins/com.st.stm32cube.ide.mcu.externaltools.gnu-tools-for-stm32.7-2018-q2-update.win32_1.0.0.201904181610/tools/bin/../lib/gcc/arm-none-eabi/7.3.1/thumb/v7e-m/fpv4-sp/hard\libgcc.a(_dvmd_tls.o)
                0x00000000080004dc                __aeabi_idiv0
                0x00000000080004dc                __aeabi_ldiv0
 *(.text*)
 .text.InitEFSema
                0x00000000080004e0       0x1c Core/Src/Deferred_Sever.o
                0x00000000080004e0                InitEFSema
 .text.SetEFSema
                0x00000000080004fc       0x18 Core/Src/Deferred_Sever.o
                0x00000000080004fc                SetEFSema
 .text.WaitEFSema
                0x0000000008000514       0x1c Core/Src/Deferred_Sever.o
                0x0000000008000514                WaitEFSema
 .text.vApplicationGetIdleTaskMemory
                0x0000000008000530       0x34 Core/Src/freertos.o
                0x0000000008000530                vApplicationGetIdleTaskMemory
 .text.main     0x0000000008000564       0xb4 Core/Src/main.o
                0x0000000008000564                main
 .text.SystemClock_Config
                0x0000000008000618      0x108 Core/Src/main.o
                0x0000000008000618                SystemClock_Config
 .text.MX_I2C1_Init
                0x0000000008000720       0x5c Core/Src/main.o
 .text.MX_I2S2_Init
                0x000000000800077c       0x5c Core/Src/main.o
 .text.MX_I2S3_Init
                0x00000000080007d8       0x60 Core/Src/main.o
 .text.MX_SPI1_Init
                0x0000000008000838       0x6c Core/Src/main.o
 .text.MX_GPIO_Init
                0x00000000080008a4      0x204 Core/Src/main.o
 .text.Start_Orange_LED_Task
                0x0000000008000aa8       0x34 Core/Src/main.o
                0x0000000008000aa8                Start_Orange_LED_Task
 .text.Start_Green_LED_Task
                0x0000000008000adc       0x34 Core/Src/main.o
                0x0000000008000adc                Start_Green_LED_Task
 .text.Start_Deferred_Task
                0x0000000008000b10       0x5c Core/Src/main.o
                0x0000000008000b10                Start_Deferred_Task
 .text.HAL_TIM_PeriodElapsedCallback
                0x0000000008000b6c       0x24 Core/Src/main.o
                0x0000000008000b6c                HAL_TIM_PeriodElapsedCallback
 .text.Error_Handler
                0x0000000008000b90        0xe Core/Src/main.o
                0x0000000008000b90                Error_Handler
 *fill*         0x0000000008000b9e        0x2 
 .text.HAL_MspInit
                0x0000000008000ba0       0x58 Core/Src/stm32f4xx_hal_msp.o
                0x0000000008000ba0                HAL_MspInit
 .text.HAL_I2C_MspInit
                0x0000000008000bf8       0x90 Core/Src/stm32f4xx_hal_msp.o
                0x0000000008000bf8                HAL_I2C_MspInit
 .text.HAL_I2S_MspInit
                0x0000000008000c88      0x19c Core/Src/stm32f4xx_hal_msp.o
                0x0000000008000c88                HAL_I2S_MspInit
 .text.HAL_SPI_MspInit
                0x0000000008000e24       0x90 Core/Src/stm32f4xx_hal_msp.o
                0x0000000008000e24                HAL_SPI_MspInit
 .text.HAL_InitTick
                0x0000000008000eb4       0xb0 Core/Src/stm32f4xx_hal_timebase_tim.o
                0x0000000008000eb4                HAL_InitTick
 .text.NMI_Handler
                0x0000000008000f64        0xe Core/Src/stm32f4xx_it.o
                0x0000000008000f64                NMI_Handler
 .text.HardFault_Handler
                0x0000000008000f72        0x6 Core/Src/stm32f4xx_it.o
                0x0000000008000f72                HardFault_Handler
 .text.MemManage_Handler
                0x0000000008000f78        0x6 Core/Src/stm32f4xx_it.o
                0x0000000008000f78                MemManage_Handler
 .text.BusFault_Handler
                0x0000000008000f7e        0x6 Core/Src/stm32f4xx_it.o
                0x0000000008000f7e                BusFault_Handler
 .text.UsageFault_Handler
                0x0000000008000f84        0x6 Core/Src/stm32f4xx_it.o
                0x0000000008000f84                UsageFault_Handler
 .text.DebugMon_Handler
                0x0000000008000f8a        0xe Core/Src/stm32f4xx_it.o
                0x0000000008000f8a                DebugMon_Handler
 .text.EXTI0_IRQHandler
                0x0000000008000f98       0x24 Core/Src/stm32f4xx_it.o
                0x0000000008000f98                EXTI0_IRQHandler
 .text.TIM1_UP_TIM10_IRQHandler
                0x0000000008000fbc       0x14 Core/Src/stm32f4xx_it.o
                0x0000000008000fbc                TIM1_UP_TIM10_IRQHandler
 .text.SystemInit
                0x0000000008000fd0       0x2c Core/Src/system_stm32f4xx.o
                0x0000000008000fd0                SystemInit
 .text.Reset_Handler
                0x0000000008000ffc       0x50 Core/Startup/startup_stm32f411vetx.o
                0x0000000008000ffc                Reset_Handler
 .text.Default_Handler
                0x000000000800104c        0x2 Core/Startup/startup_stm32f411vetx.o
                0x000000000800104c                RTC_Alarm_IRQHandler
                0x000000000800104c                EXTI2_IRQHandler
                0x000000000800104c                SPI4_IRQHandler
                0x000000000800104c                TIM1_CC_IRQHandler
                0x000000000800104c                DMA2_Stream5_IRQHandler
                0x000000000800104c                DMA1_Stream5_IRQHandler
                0x000000000800104c                PVD_IRQHandler
                0x000000000800104c                SDIO_IRQHandler
                0x000000000800104c                TAMP_STAMP_IRQHandler
                0x000000000800104c                EXTI3_IRQHandler
                0x000000000800104c                I2C3_ER_IRQHandler
                0x000000000800104c                I2C2_EV_IRQHandler
                0x000000000800104c                DMA1_Stream2_IRQHandler
                0x000000000800104c                FPU_IRQHandler
                0x000000000800104c                DMA2_Stream2_IRQHandler
                0x000000000800104c                SPI1_IRQHandler
                0x000000000800104c                TIM1_BRK_TIM9_IRQHandler
                0x000000000800104c                DMA2_Stream3_IRQHandler
                0x000000000800104c                USART6_IRQHandler
                0x000000000800104c                DMA2_Stream0_IRQHandler
                0x000000000800104c                TIM4_IRQHandler
                0x000000000800104c                I2C1_EV_IRQHandler
                0x000000000800104c                DMA1_Stream6_IRQHandler
                0x000000000800104c                DMA1_Stream1_IRQHandler
                0x000000000800104c                TIM3_IRQHandler
                0x000000000800104c                RCC_IRQHandler
                0x000000000800104c                Default_Handler
                0x000000000800104c                EXTI15_10_IRQHandler
                0x000000000800104c                ADC_IRQHandler
                0x000000000800104c                DMA1_Stream7_IRQHandler
                0x000000000800104c                SPI5_IRQHandler
                0x000000000800104c                TIM5_IRQHandler
                0x000000000800104c                DMA2_Stream7_IRQHandler
                0x000000000800104c                I2C3_EV_IRQHandler
                0x000000000800104c                EXTI9_5_IRQHandler
                0x000000000800104c                RTC_WKUP_IRQHandler
                0x000000000800104c                SPI2_IRQHandler
                0x000000000800104c                DMA1_Stream0_IRQHandler
                0x000000000800104c                EXTI4_IRQHandler
                0x000000000800104c                WWDG_IRQHandler
                0x000000000800104c                TIM2_IRQHandler
                0x000000000800104c                OTG_FS_WKUP_IRQHandler
                0x000000000800104c                TIM1_TRG_COM_TIM11_IRQHandler
                0x000000000800104c                EXTI1_IRQHandler
                0x000000000800104c                USART2_IRQHandler
                0x000000000800104c                I2C2_ER_IRQHandler
                0x000000000800104c                DMA2_Stream1_IRQHandler
                0x000000000800104c                FLASH_IRQHandler
                0x000000000800104c                DMA2_Stream4_IRQHandler
                0x000000000800104c                USART1_IRQHandler
                0x000000000800104c                OTG_FS_IRQHandler
                0x000000000800104c                SPI3_IRQHandler
                0x000000000800104c                DMA1_Stream4_IRQHandler
                0x000000000800104c                I2C1_ER_IRQHandler
                0x000000000800104c                DMA2_Stream6_IRQHandler
                0x000000000800104c                DMA1_Stream3_IRQHandler
 *fill*         0x000000000800104e        0x2 
 .text.HAL_Init
                0x0000000008001050       0x44 Drivers/STM32F4xx_HAL_Driver/Src/stm32f4xx_hal.o
                0x0000000008001050                HAL_Init
 .text.HAL_IncTick
                0x0000000008001094       0x28 Drivers/STM32F4xx_HAL_Driver/Src/stm32f4xx_hal.o
                0x0000000008001094                HAL_IncTick
 .text.HAL_GetTick
                0x00000000080010bc       0x18 Drivers/STM32F4xx_HAL_Driver/Src/stm32f4xx_hal.o
                0x00000000080010bc                HAL_GetTick
 .text.__NVIC_SetPriorityGrouping
                0x00000000080010d4       0x48 Drivers/STM32F4xx_HAL_Driver/Src/stm32f4xx_hal_cortex.o
 .text.__NVIC_GetPriorityGrouping
                0x000000000800111c       0x1c Drivers/STM32F4xx_HAL_Driver/Src/stm32f4xx_hal_cortex.o
 .text.__NVIC_EnableIRQ
                0x0000000008001138       0x3c Drivers/STM32F4xx_HAL_Driver/Src/stm32f4xx_hal_cortex.o
 .text.__NVIC_SetPriority
                0x0000000008001174       0x54 Drivers/STM32F4xx_HAL_Driver/Src/stm32f4xx_hal_cortex.o
 .text.NVIC_EncodePriority
                0x00000000080011c8       0x66 Drivers/STM32F4xx_HAL_Driver/Src/stm32f4xx_hal_cortex.o
 .text.HAL_NVIC_SetPriorityGrouping
                0x000000000800122e       0x16 Drivers/STM32F4xx_HAL_Driver/Src/stm32f4xx_hal_cortex.o
                0x000000000800122e                HAL_NVIC_SetPriorityGrouping
 .text.HAL_NVIC_SetPriority
                0x0000000008001244       0x38 Drivers/STM32F4xx_HAL_Driver/Src/stm32f4xx_hal_cortex.o
                0x0000000008001244                HAL_NVIC_SetPriority
 .text.HAL_NVIC_EnableIRQ
                0x000000000800127c       0x1c Drivers/STM32F4xx_HAL_Driver/Src/stm32f4xx_hal_cortex.o
                0x000000000800127c                HAL_NVIC_EnableIRQ
 .text.HAL_GPIO_Init
                0x0000000008001298      0x304 Drivers/STM32F4xx_HAL_Driver/Src/stm32f4xx_hal_gpio.o
                0x0000000008001298                HAL_GPIO_Init
 .text.HAL_GPIO_WritePin
                0x000000000800159c       0x32 Drivers/STM32F4xx_HAL_Driver/Src/stm32f4xx_hal_gpio.o
                0x000000000800159c                HAL_GPIO_WritePin
 .text.HAL_GPIO_TogglePin
                0x00000000080015ce       0x36 Drivers/STM32F4xx_HAL_Driver/Src/stm32f4xx_hal_gpio.o
                0x00000000080015ce                HAL_GPIO_TogglePin
 .text.HAL_GPIO_EXTI_IRQHandler
                0x0000000008001604       0x30 Drivers/STM32F4xx_HAL_Driver/Src/stm32f4xx_hal_gpio.o
                0x0000000008001604                HAL_GPIO_EXTI_IRQHandler
 .text.HAL_GPIO_EXTI_Callback
                0x0000000008001634       0x16 Drivers/STM32F4xx_HAL_Driver/Src/stm32f4xx_hal_gpio.o
                0x0000000008001634                HAL_GPIO_EXTI_Callback
 *fill*         0x000000000800164a        0x2 
 .text.HAL_I2C_Init
                0x000000000800164c      0x270 Drivers/STM32F4xx_HAL_Driver/Src/stm32f4xx_hal_i2c.o
                0x000000000800164c                HAL_I2C_Init
 .text.HAL_I2S_Init
                0x00000000080018bc      0x280 Drivers/STM32F4xx_HAL_Driver/Src/stm32f4xx_hal_i2s.o
                0x00000000080018bc                HAL_I2S_Init
 .text.HAL_I2S_TxCpltCallback
                0x0000000008001b3c       0x14 Drivers/STM32F4xx_HAL_Driver/Src/stm32f4xx_hal_i2s.o
                0x0000000008001b3c                HAL_I2S_TxCpltCallback
 .text.HAL_I2S_RxCpltCallback
                0x0000000008001b50       0x14 Drivers/STM32F4xx_HAL_Driver/Src/stm32f4xx_hal_i2s.o
                0x0000000008001b50                HAL_I2S_RxCpltCallback
 .text.HAL_I2S_ErrorCallback
                0x0000000008001b64       0x14 Drivers/STM32F4xx_HAL_Driver/Src/stm32f4xx_hal_i2s.o
                0x0000000008001b64                HAL_I2S_ErrorCallback
 .text.I2S_Transmit_IT
                0x0000000008001b78       0x5c Drivers/STM32F4xx_HAL_Driver/Src/stm32f4xx_hal_i2s.o
 .text.I2S_Receive_IT
                0x0000000008001bd4       0x5e Drivers/STM32F4xx_HAL_Driver/Src/stm32f4xx_hal_i2s.o
 .text.I2S_IRQHandler
                0x0000000008001c32      0x114 Drivers/STM32F4xx_HAL_Driver/Src/stm32f4xx_hal_i2s.o
 *fill*         0x0000000008001d46        0x2 
 .text.HAL_I2SEx_FullDuplex_IRQHandler
                0x0000000008001d48      0x2a8 Drivers/STM32F4xx_HAL_Driver/Src/stm32f4xx_hal_i2s_ex.o
                0x0000000008001d48                HAL_I2SEx_FullDuplex_IRQHandler
 .text.HAL_I2SEx_TxRxCpltCallback
                0x0000000008001ff0       0x14 Drivers/STM32F4xx_HAL_Driver/Src/stm32f4xx_hal_i2s_ex.o
                0x0000000008001ff0                HAL_I2SEx_TxRxCpltCallback
 .text.I2SEx_TxISR_I2S
                0x0000000008002004       0x62 Drivers/STM32F4xx_HAL_Driver/Src/stm32f4xx_hal_i2s_ex.o
 *fill*         0x0000000008002066        0x2 
 .text.I2SEx_TxISR_I2SExt
                0x0000000008002068       0x98 Drivers/STM32F4xx_HAL_Driver/Src/stm32f4xx_hal_i2s_ex.o
 .text.I2SEx_RxISR_I2S
                0x0000000008002100       0x64 Drivers/STM32F4xx_HAL_Driver/Src/stm32f4xx_hal_i2s_ex.o
 .text.I2SEx_RxISR_I2SExt
                0x0000000008002164       0x98 Drivers/STM32F4xx_HAL_Driver/Src/stm32f4xx_hal_i2s_ex.o
 .text.HAL_RCC_OscConfig
                0x00000000080021fc      0x4e0 Drivers/STM32F4xx_HAL_Driver/Src/stm32f4xx_hal_rcc.o
                0x00000000080021fc                HAL_RCC_OscConfig
 .text.HAL_RCC_ClockConfig
                0x00000000080026dc      0x1cc Drivers/STM32F4xx_HAL_Driver/Src/stm32f4xx_hal_rcc.o
                0x00000000080026dc                HAL_RCC_ClockConfig
 .text.HAL_RCC_GetSysClockFreq
                0x00000000080028a8      0x1b0 Drivers/STM32F4xx_HAL_Driver/Src/stm32f4xx_hal_rcc.o
                0x00000000080028a8                HAL_RCC_GetSysClockFreq
 .text.HAL_RCC_GetHCLKFreq
                0x0000000008002a58       0x18 Drivers/STM32F4xx_HAL_Driver/Src/stm32f4xx_hal_rcc.o
                0x0000000008002a58                HAL_RCC_GetHCLKFreq
 .text.HAL_RCC_GetPCLK1Freq
                0x0000000008002a70       0x28 Drivers/STM32F4xx_HAL_Driver/Src/stm32f4xx_hal_rcc.o
                0x0000000008002a70                HAL_RCC_GetPCLK1Freq
 .text.HAL_RCC_GetPCLK2Freq
                0x0000000008002a98       0x28 Drivers/STM32F4xx_HAL_Driver/Src/stm32f4xx_hal_rcc.o
                0x0000000008002a98                HAL_RCC_GetPCLK2Freq
 .text.HAL_RCC_GetClockConfig
                0x0000000008002ac0       0x64 Drivers/STM32F4xx_HAL_Driver/Src/stm32f4xx_hal_rcc.o
                0x0000000008002ac0                HAL_RCC_GetClockConfig
 .text.HAL_RCCEx_PeriphCLKConfig
                0x0000000008002b24      0x1e0 Drivers/STM32F4xx_HAL_Driver/Src/stm32f4xx_hal_rcc_ex.o
                0x0000000008002b24                HAL_RCCEx_PeriphCLKConfig
 .text.HAL_RCCEx_GetPeriphCLKFreq
                0x0000000008002d04       0xbc Drivers/STM32F4xx_HAL_Driver/Src/stm32f4xx_hal_rcc_ex.o
                0x0000000008002d04                HAL_RCCEx_GetPeriphCLKFreq
 .text.HAL_SPI_Init
                0x0000000008002dc0       0xc8 Drivers/STM32F4xx_HAL_Driver/Src/stm32f4xx_hal_spi.o
                0x0000000008002dc0                HAL_SPI_Init
 .text.HAL_TIM_Base_Init
                0x0000000008002e88       0x56 Drivers/STM32F4xx_HAL_Driver/Src/stm32f4xx_hal_tim.o
                0x0000000008002e88                HAL_TIM_Base_Init
 .text.HAL_TIM_Base_MspInit
                0x0000000008002ede       0x14 Drivers/STM32F4xx_HAL_Driver/Src/stm32f4xx_hal_tim.o
                0x0000000008002ede                HAL_TIM_Base_MspInit
 .text.HAL_TIM_Base_Start_IT
                0x0000000008002ef2       0x48 Drivers/STM32F4xx_HAL_Driver/Src/stm32f4xx_hal_tim.o
                0x0000000008002ef2                HAL_TIM_Base_Start_IT
 .text.HAL_TIM_IRQHandler
                0x0000000008002f3a      0x210 Drivers/STM32F4xx_HAL_Driver/Src/stm32f4xx_hal_tim.o
                0x0000000008002f3a                HAL_TIM_IRQHandler
 .text.HAL_TIM_OC_DelayElapsedCallback
                0x000000000800314a       0x14 Drivers/STM32F4xx_HAL_Driver/Src/stm32f4xx_hal_tim.o
                0x000000000800314a                HAL_TIM_OC_DelayElapsedCallback
 .text.HAL_TIM_IC_CaptureCallback
                0x000000000800315e       0x14 Drivers/STM32F4xx_HAL_Driver/Src/stm32f4xx_hal_tim.o
                0x000000000800315e                HAL_TIM_IC_CaptureCallback
 .text.HAL_TIM_PWM_PulseFinishedCallback
                0x0000000008003172       0x14 Drivers/STM32F4xx_HAL_Driver/Src/stm32f4xx_hal_tim.o
                0x0000000008003172                HAL_TIM_PWM_PulseFinishedCallback
 .text.HAL_TIM_TriggerCallback
                0x0000000008003186       0x14 Drivers/STM32F4xx_HAL_Driver/Src/stm32f4xx_hal_tim.o
                0x0000000008003186                HAL_TIM_TriggerCallback
 *fill*         0x000000000800319a        0x2 
 .text.TIM_Base_SetConfig
                0x000000000800319c      0x100 Drivers/STM32F4xx_HAL_Driver/Src/stm32f4xx_hal_tim.o
                0x000000000800319c                TIM_Base_SetConfig
 .text.HAL_TIMEx_CommutCallback
                0x000000000800329c       0x14 Drivers/STM32F4xx_HAL_Driver/Src/stm32f4xx_hal_tim_ex.o
                0x000000000800329c                HAL_TIMEx_CommutCallback
 .text.HAL_TIMEx_BreakCallback
                0x00000000080032b0       0x14 Drivers/STM32F4xx_HAL_Driver/Src/stm32f4xx_hal_tim_ex.o
                0x00000000080032b0                HAL_TIMEx_BreakCallback
 .text.makeFreeRtosPriority
                0x00000000080032c4       0x30 Middlewares/Third_Party/FreeRTOS/Source/CMSIS_RTOS/cmsis_os.o
 .text.osKernelStart
                0x00000000080032f4        0xe Middlewares/Third_Party/FreeRTOS/Source/CMSIS_RTOS/cmsis_os.o
                0x00000000080032f4                osKernelStart
 .text.osThreadCreate
                0x0000000008003302       0x98 Middlewares/Third_Party/FreeRTOS/Source/CMSIS_RTOS/cmsis_os.o
                0x0000000008003302                osThreadCreate
 .text.osDelay  0x000000000800339a       0x28 Middlewares/Third_Party/FreeRTOS/Source/CMSIS_RTOS/cmsis_os.o
                0x000000000800339a                osDelay
 .text.vListInitialise
                0x00000000080033c2       0x40 Middlewares/Third_Party/FreeRTOS/Source/list.o
                0x00000000080033c2                vListInitialise
 .text.vListInitialiseItem
                0x0000000008003402       0x1a Middlewares/Third_Party/FreeRTOS/Source/list.o
                0x0000000008003402                vListInitialiseItem
 .text.vListInsertEnd
                0x000000000800341c       0x48 Middlewares/Third_Party/FreeRTOS/Source/list.o
                0x000000000800341c                vListInsertEnd
 .text.vListInsert
                0x0000000008003464       0x72 Middlewares/Third_Party/FreeRTOS/Source/list.o
                0x0000000008003464                vListInsert
 .text.uxListRemove
                0x00000000080034d6       0x54 Middlewares/Third_Party/FreeRTOS/Source/list.o
                0x00000000080034d6                uxListRemove
 *fill*         0x000000000800352a        0x2 
 .text.xQueueGenericReset
                0x000000000800352c       0xd0 Middlewares/Third_Party/FreeRTOS/Source/queue.o
                0x000000000800352c                xQueueGenericReset
 .text.xQueueGenericCreate
                0x00000000080035fc       0x7a Middlewares/Third_Party/FreeRTOS/Source/queue.o
                0x00000000080035fc                xQueueGenericCreate
 .text.prvInitialiseNewQueue
                0x0000000008003676       0x3e Middlewares/Third_Party/FreeRTOS/Source/queue.o
 .text.xQueueGiveFromISR
                0x00000000080036b4      0x112 Middlewares/Third_Party/FreeRTOS/Source/queue.o
                0x00000000080036b4                xQueueGiveFromISR
 *fill*         0x00000000080037c6        0x2 
 .text.xQueueSemaphoreTake
                0x00000000080037c8      0x210 Middlewares/Third_Party/FreeRTOS/Source/queue.o
                0x00000000080037c8                xQueueSemaphoreTake
 .text.prvGetDisinheritPriorityAfterTimeout
                0x00000000080039d8       0x30 Middlewares/Third_Party/FreeRTOS/Source/queue.o
 .text.prvUnlockQueue
                0x0000000008003a08       0xa4 Middlewares/Third_Party/FreeRTOS/Source/queue.o
 .text.prvIsQueueEmpty
                0x0000000008003aac       0x2c Middlewares/Third_Party/FreeRTOS/Source/queue.o
 .text.xTaskCreateStatic
                0x0000000008003ad8       0xb2 Middlewares/Third_Party/FreeRTOS/Source/tasks.o
                0x0000000008003ad8                xTaskCreateStatic
 .text.xTaskCreate
                0x0000000008003b8a       0x8a Middlewares/Third_Party/FreeRTOS/Source/tasks.o
                0x0000000008003b8a                xTaskCreate
 .text.prvInitialiseNewTask
                0x0000000008003c14       0xfc Middlewares/Third_Party/FreeRTOS/Source/tasks.o
 .text.prvAddNewTaskToReadyList
                0x0000000008003d10       0xd4 Middlewares/Third_Party/FreeRTOS/Source/tasks.o
 .text.vTaskDelay
                0x0000000008003de4       0x68 Middlewares/Third_Party/FreeRTOS/Source/tasks.o
                0x0000000008003de4                vTaskDelay
 .text.vTaskStartScheduler
                0x0000000008003e4c       0xbc Middlewares/Third_Party/FreeRTOS/Source/tasks.o
                0x0000000008003e4c                vTaskStartScheduler
 .text.vTaskSuspendAll
                0x0000000008003f08       0x1c Middlewares/Third_Party/FreeRTOS/Source/tasks.o
                0x0000000008003f08                vTaskSuspendAll
 .text.xTaskResumeAll
                0x0000000008003f24      0x138 Middlewares/Third_Party/FreeRTOS/Source/tasks.o
                0x0000000008003f24                xTaskResumeAll
 .text.xTaskIncrementTick
                0x000000000800405c      0x178 Middlewares/Third_Party/FreeRTOS/Source/tasks.o
                0x000000000800405c                xTaskIncrementTick
 .text.vTaskSwitchContext
                0x00000000080041d4       0xb4 Middlewares/Third_Party/FreeRTOS/Source/tasks.o
                0x00000000080041d4                vTaskSwitchContext
 .text.vTaskPlaceOnEventList
                0x0000000008004288       0x48 Middlewares/Third_Party/FreeRTOS/Source/tasks.o
                0x0000000008004288                vTaskPlaceOnEventList
 .text.xTaskRemoveFromEventList
                0x00000000080042d0       0xc4 Middlewares/Third_Party/FreeRTOS/Source/tasks.o
                0x00000000080042d0                xTaskRemoveFromEventList
 .text.vTaskInternalSetTimeOutState
                0x0000000008004394       0x2c Middlewares/Third_Party/FreeRTOS/Source/tasks.o
                0x0000000008004394                vTaskInternalSetTimeOutState
 .text.xTaskCheckForTimeOut
                0x00000000080043c0       0xc0 Middlewares/Third_Party/FreeRTOS/Source/tasks.o
                0x00000000080043c0                xTaskCheckForTimeOut
 .text.vTaskMissedYield
                0x0000000008004480       0x18 Middlewares/Third_Party/FreeRTOS/Source/tasks.o
                0x0000000008004480                vTaskMissedYield
 .text.prvIdleTask
                0x0000000008004498       0x30 Middlewares/Third_Party/FreeRTOS/Source/tasks.o
 .text.prvInitialiseTaskLists
                0x00000000080044c8       0x80 Middlewares/Third_Party/FreeRTOS/Source/tasks.o
 .text.prvCheckTasksWaitingTermination
                0x0000000008004548       0x58 Middlewares/Third_Party/FreeRTOS/Source/tasks.o
 .text.prvDeleteTCB
                0x00000000080045a0       0x5c Middlewares/Third_Party/FreeRTOS/Source/tasks.o
 .text.prvResetNextTaskUnblockTime
                0x00000000080045fc       0x4c Middlewares/Third_Party/FreeRTOS/Source/tasks.o
 .text.xTaskGetSchedulerState
                0x0000000008004648       0x3c Middlewares/Third_Party/FreeRTOS/Source/tasks.o
                0x0000000008004648                xTaskGetSchedulerState
 .text.xTaskPriorityInherit
                0x0000000008004684      0x10c Middlewares/Third_Party/FreeRTOS/Source/tasks.o
                0x0000000008004684                xTaskPriorityInherit
 .text.vTaskPriorityDisinheritAfterTimeout
                0x0000000008004790      0x13c Middlewares/Third_Party/FreeRTOS/Source/tasks.o
                0x0000000008004790                vTaskPriorityDisinheritAfterTimeout
 .text.pvTaskIncrementMutexHeldCount
                0x00000000080048cc       0x28 Middlewares/Third_Party/FreeRTOS/Source/tasks.o
                0x00000000080048cc                pvTaskIncrementMutexHeldCount
 .text.prvAddCurrentTaskToDelayedList
                0x00000000080048f4       0xcc Middlewares/Third_Party/FreeRTOS/Source/tasks.o
 .text.pxPortInitialiseStack
                0x00000000080049c0       0x68 Middlewares/Third_Party/FreeRTOS/Source/portable/GCC/ARM_CM4F/port.o
                0x00000000080049c0                pxPortInitialiseStack
 .text.prvTaskExitError
                0x0000000008004a28       0x54 Middlewares/Third_Party/FreeRTOS/Source/portable/GCC/ARM_CM4F/port.o
 *fill*         0x0000000008004a7c        0x4 
 .text.SVC_Handler
                0x0000000008004a80       0x28 Middlewares/Third_Party/FreeRTOS/Source/portable/GCC/ARM_CM4F/port.o
                0x0000000008004a80                SVC_Handler
 .text.prvPortStartFirstTask
                0x0000000008004aa8       0x28 Middlewares/Third_Party/FreeRTOS/Source/portable/GCC/ARM_CM4F/port.o
 .text.xPortStartScheduler
                0x0000000008004ad0      0x13c Middlewares/Third_Party/FreeRTOS/Source/portable/GCC/ARM_CM4F/port.o
                0x0000000008004ad0                xPortStartScheduler
 .text.vPortEnterCritical
                0x0000000008004c0c       0x5c Middlewares/Third_Party/FreeRTOS/Source/portable/GCC/ARM_CM4F/port.o
                0x0000000008004c0c                vPortEnterCritical
 .text.vPortExitCritical
                0x0000000008004c68       0x50 Middlewares/Third_Party/FreeRTOS/Source/portable/GCC/ARM_CM4F/port.o
                0x0000000008004c68                vPortExitCritical
 *fill*         0x0000000008004cb8        0x8 
 .text.PendSV_Handler
                0x0000000008004cc0       0x68 Middlewares/Third_Party/FreeRTOS/Source/portable/GCC/ARM_CM4F/port.o
                0x0000000008004cc0                PendSV_Handler
 .text.SysTick_Handler
                0x0000000008004d28       0x40 Middlewares/Third_Party/FreeRTOS/Source/portable/GCC/ARM_CM4F/port.o
                0x0000000008004d28                SysTick_Handler
 .text.vPortSetupTimerInterrupt
                0x0000000008004d68       0x48 Middlewares/Third_Party/FreeRTOS/Source/portable/GCC/ARM_CM4F/port.o
                0x0000000008004d68                vPortSetupTimerInterrupt
 .text.vPortEnableVFP
                0x0000000008004db0       0x14 Middlewares/Third_Party/FreeRTOS/Source/portable/GCC/ARM_CM4F/port.o
 .text.vPortValidateInterruptPriority
                0x0000000008004dc4       0x7c Middlewares/Third_Party/FreeRTOS/Source/portable/GCC/ARM_CM4F/port.o
                0x0000000008004dc4                vPortValidateInterruptPriority
 .text.pvPortMalloc
                0x0000000008004e40      0x184 Middlewares/Third_Party/FreeRTOS/Source/portable/MemMang/heap_4.o
                0x0000000008004e40                pvPortMalloc
 .text.vPortFree
                0x0000000008004fc4       0xb0 Middlewares/Third_Party/FreeRTOS/Source/portable/MemMang/heap_4.o
                0x0000000008004fc4                vPortFree
 .text.prvHeapInit
                0x0000000008005074       0xc4 Middlewares/Third_Party/FreeRTOS/Source/portable/MemMang/heap_4.o
 .text.prvInsertBlockIntoFreeList
                0x0000000008005138       0xb4 Middlewares/Third_Party/FreeRTOS/Source/portable/MemMang/heap_4.o
 .text.__libc_init_array
                0x00000000080051ec       0x48 c:/rtos/stm32cubeide/plugins/com.st.stm32cube.ide.mcu.externaltools.gnu-tools-for-stm32.7-2018-q2-update.win32_1.0.0.201904181610/tools/bin/../lib/gcc/arm-none-eabi/7.3.1/../../../../arm-none-eabi/lib/thumb/v7e-m/fpv4-sp/hard\libc_nano.a(lib_a-init.o)
                0x00000000080051ec                __libc_init_array
 .text.memset   0x0000000008005234       0x10 c:/rtos/stm32cubeide/plugins/com.st.stm32cube.ide.mcu.externaltools.gnu-tools-for-stm32.7-2018-q2-update.win32_1.0.0.201904181610/tools/bin/../lib/gcc/arm-none-eabi/7.3.1/../../../../arm-none-eabi/lib/thumb/v7e-m/fpv4-sp/hard\libc_nano.a(lib_a-memset.o)
                0x0000000008005234                memset
 *(.glue_7)
 .glue_7        0x0000000008005244        0x0 linker stubs
 *(.glue_7t)
 .glue_7t       0x0000000008005244        0x0 linker stubs
 *(.eh_frame)
 .eh_frame      0x0000000008005244        0x0 c:/rtos/stm32cubeide/plugins/com.st.stm32cube.ide.mcu.externaltools.gnu-tools-for-stm32.7-2018-q2-update.win32_1.0.0.201904181610/tools/bin/../lib/gcc/arm-none-eabi/7.3.1/thumb/v7e-m/fpv4-sp/hard/crtbegin.o
 *(.init)
 .init          0x0000000008005244        0x4 c:/rtos/stm32cubeide/plugins/com.st.stm32cube.ide.mcu.externaltools.gnu-tools-for-stm32.7-2018-q2-update.win32_1.0.0.201904181610/tools/bin/../lib/gcc/arm-none-eabi/7.3.1/thumb/v7e-m/fpv4-sp/hard/crti.o
                0x0000000008005244                _init
 .init          0x0000000008005248        0x8 c:/rtos/stm32cubeide/plugins/com.st.stm32cube.ide.mcu.externaltools.gnu-tools-for-stm32.7-2018-q2-update.win32_1.0.0.201904181610/tools/bin/../lib/gcc/arm-none-eabi/7.3.1/thumb/v7e-m/fpv4-sp/hard/crtn.o
 *(.fini)
 .fini          0x0000000008005250        0x4 c:/rtos/stm32cubeide/plugins/com.st.stm32cube.ide.mcu.externaltools.gnu-tools-for-stm32.7-2018-q2-update.win32_1.0.0.201904181610/tools/bin/../lib/gcc/arm-none-eabi/7.3.1/thumb/v7e-m/fpv4-sp/hard/crti.o
                0x0000000008005250                _fini
 .fini          0x0000000008005254        0x8 c:/rtos/stm32cubeide/plugins/com.st.stm32cube.ide.mcu.externaltools.gnu-tools-for-stm32.7-2018-q2-update.win32_1.0.0.201904181610/tools/bin/../lib/gcc/arm-none-eabi/7.3.1/thumb/v7e-m/fpv4-sp/hard/crtn.o
                0x000000000800525c                . = ALIGN (0x4)
                0x000000000800525c                _etext = .

.vfp11_veneer   0x000000000800525c        0x0
 .vfp11_veneer  0x000000000800525c        0x0 linker stubs

.v4_bx          0x000000000800525c        0x0
 .v4_bx         0x000000000800525c        0x0 linker stubs

.iplt           0x000000000800525c        0x0
 .iplt          0x000000000800525c        0x0 c:/rtos/stm32cubeide/plugins/com.st.stm32cube.ide.mcu.externaltools.gnu-tools-for-stm32.7-2018-q2-update.win32_1.0.0.201904181610/tools/bin/../lib/gcc/arm-none-eabi/7.3.1/thumb/v7e-m/fpv4-sp/hard/crtbegin.o

.rodata         0x000000000800525c       0xa4
                0x000000000800525c                . = ALIGN (0x4)
 *(.rodata)
 .rodata        0x000000000800525c       0x84 Core/Src/main.o
 .rodata        0x00000000080052e0        0x5 Middlewares/Third_Party/FreeRTOS/Source/tasks.o
 *(.rodata*)
 *fill*         0x00000000080052e5        0x3 
 .rodata.AHBPrescTable
                0x00000000080052e8       0x10 Core/Src/system_stm32f4xx.o
                0x00000000080052e8                AHBPrescTable
 .rodata.APBPrescTable
                0x00000000080052f8        0x8 Core/Src/system_stm32f4xx.o
                0x00000000080052f8                APBPrescTable
                0x0000000008005300                . = ALIGN (0x4)

.ARM.extab      0x0000000008005300        0x0
                0x0000000008005300                . = ALIGN (0x4)
 *(.ARM.extab* .gnu.linkonce.armextab.*)
                0x0000000008005300                . = ALIGN (0x4)

.ARM            0x0000000008005300        0x8
                0x0000000008005300                . = ALIGN (0x4)
                0x0000000008005300                __exidx_start = .
 *(.ARM.exidx*)
 .ARM.exidx     0x0000000008005300        0x8 c:/rtos/stm32cubeide/plugins/com.st.stm32cube.ide.mcu.externaltools.gnu-tools-for-stm32.7-2018-q2-update.win32_1.0.0.201904181610/tools/bin/../lib/gcc/arm-none-eabi/7.3.1/thumb/v7e-m/fpv4-sp/hard\libgcc.a(_udivmoddi4.o)
                0x0000000008005308                __exidx_end = .
                0x0000000008005308                . = ALIGN (0x4)

.rel.dyn        0x0000000008005308        0x0
 .rel.iplt      0x0000000008005308        0x0 c:/rtos/stm32cubeide/plugins/com.st.stm32cube.ide.mcu.externaltools.gnu-tools-for-stm32.7-2018-q2-update.win32_1.0.0.201904181610/tools/bin/../lib/gcc/arm-none-eabi/7.3.1/thumb/v7e-m/fpv4-sp/hard/crtbegin.o

.preinit_array  0x0000000008005308        0x0
                0x0000000008005308                . = ALIGN (0x4)
                0x0000000008005308                PROVIDE (__preinit_array_start = .)
 *(.preinit_array*)
                0x0000000008005308                PROVIDE (__preinit_array_end = .)
                0x0000000008005308                . = ALIGN (0x4)

.init_array     0x0000000008005308        0x4
                0x0000000008005308                . = ALIGN (0x4)
                0x0000000008005308                PROVIDE (__init_array_start = .)
 *(SORT_BY_NAME(.init_array.*))
 *(.init_array*)
 .init_array    0x0000000008005308        0x4 c:/rtos/stm32cubeide/plugins/com.st.stm32cube.ide.mcu.externaltools.gnu-tools-for-stm32.7-2018-q2-update.win32_1.0.0.201904181610/tools/bin/../lib/gcc/arm-none-eabi/7.3.1/thumb/v7e-m/fpv4-sp/hard/crtbegin.o
                0x000000000800530c                PROVIDE (__init_array_end = .)
                0x000000000800530c                . = ALIGN (0x4)

.fini_array     0x000000000800530c        0x4
                0x000000000800530c                . = ALIGN (0x4)
                [!provide]                        PROVIDE (__fini_array_start = .)
 *(SORT_BY_NAME(.fini_array.*))
 *(.fini_array*)
 .fini_array    0x000000000800530c        0x4 c:/rtos/stm32cubeide/plugins/com.st.stm32cube.ide.mcu.externaltools.gnu-tools-for-stm32.7-2018-q2-update.win32_1.0.0.201904181610/tools/bin/../lib/gcc/arm-none-eabi/7.3.1/thumb/v7e-m/fpv4-sp/hard/crtbegin.o
                [!provide]                        PROVIDE (__fini_array_end = .)
                0x0000000008005310                . = ALIGN (0x4)
                0x0000000008005310                _sidata = LOADADDR (.data)

.data           0x0000000020000000       0x10 load address 0x0000000008005310
                0x0000000020000000                . = ALIGN (0x4)
                0x0000000020000000                _sdata = .
 *(.data)
 *(.data*)
 .data.SystemCoreClock
                0x0000000020000000        0x4 Core/Src/system_stm32f4xx.o
                0x0000000020000000                SystemCoreClock
 .data.uwTickPrio
                0x0000000020000004        0x4 Drivers/STM32F4xx_HAL_Driver/Src/stm32f4xx_hal.o
                0x0000000020000004                uwTickPrio
 .data.uwTickFreq
                0x0000000020000008        0x1 Drivers/STM32F4xx_HAL_Driver/Src/stm32f4xx_hal.o
                0x0000000020000008                uwTickFreq
 *fill*         0x0000000020000009        0x3 
 .data.uxCriticalNesting
                0x000000002000000c        0x4 Middlewares/Third_Party/FreeRTOS/Source/portable/GCC/ARM_CM4F/port.o
                0x0000000020000010                . = ALIGN (0x4)
                0x0000000020000010                _edata = .

.igot.plt       0x0000000020000010        0x0 load address 0x0000000008005320
 .igot.plt      0x0000000020000010        0x0 c:/rtos/stm32cubeide/plugins/com.st.stm32cube.ide.mcu.externaltools.gnu-tools-for-stm32.7-2018-q2-update.win32_1.0.0.201904181610/tools/bin/../lib/gcc/arm-none-eabi/7.3.1/thumb/v7e-m/fpv4-sp/hard/crtbegin.o
                0x0000000020000010                . = ALIGN (0x4)

.bss            0x0000000020000010     0x414c load address 0x0000000008005320
                0x0000000020000010                _sbss = .
                0x0000000020000010                __bss_start__ = _sbss
 *(.bss)
 .bss           0x0000000020000010       0x1c c:/rtos/stm32cubeide/plugins/com.st.stm32cube.ide.mcu.externaltools.gnu-tools-for-stm32.7-2018-q2-update.win32_1.0.0.201904181610/tools/bin/../lib/gcc/arm-none-eabi/7.3.1/thumb/v7e-m/fpv4-sp/hard/crtbegin.o
 *(.bss*)
 .bss.xIdleTaskTCBBuffer
                0x000000002000002c       0x54 Core/Src/freertos.o
 .bss.xIdleStack
                0x0000000020000080      0x200 Core/Src/freertos.o
 .bss.pxCurrentTCB
                0x0000000020000280        0x4 Middlewares/Third_Party/FreeRTOS/Source/tasks.o
                0x0000000020000280                pxCurrentTCB
 .bss.pxReadyTasksLists
                0x0000000020000284       0x8c Middlewares/Third_Party/FreeRTOS/Source/tasks.o
 .bss.xDelayedTaskList1
                0x0000000020000310       0x14 Middlewares/Third_Party/FreeRTOS/Source/tasks.o
 .bss.xDelayedTaskList2
                0x0000000020000324       0x14 Middlewares/Third_Party/FreeRTOS/Source/tasks.o
 .bss.pxDelayedTaskList
                0x0000000020000338        0x4 Middlewares/Third_Party/FreeRTOS/Source/tasks.o
 .bss.pxOverflowDelayedTaskList
                0x000000002000033c        0x4 Middlewares/Third_Party/FreeRTOS/Source/tasks.o
 .bss.xPendingReadyList
                0x0000000020000340       0x14 Middlewares/Third_Party/FreeRTOS/Source/tasks.o
 .bss.xTasksWaitingTermination
                0x0000000020000354       0x14 Middlewares/Third_Party/FreeRTOS/Source/tasks.o
 .bss.uxDeletedTasksWaitingCleanUp
                0x0000000020000368        0x4 Middlewares/Third_Party/FreeRTOS/Source/tasks.o
 .bss.xSuspendedTaskList
                0x000000002000036c       0x14 Middlewares/Third_Party/FreeRTOS/Source/tasks.o
 .bss.uxCurrentNumberOfTasks
                0x0000000020000380        0x4 Middlewares/Third_Party/FreeRTOS/Source/tasks.o
 .bss.xTickCount
                0x0000000020000384        0x4 Middlewares/Third_Party/FreeRTOS/Source/tasks.o
 .bss.uxTopReadyPriority
                0x0000000020000388        0x4 Middlewares/Third_Party/FreeRTOS/Source/tasks.o
 .bss.xSchedulerRunning
                0x000000002000038c        0x4 Middlewares/Third_Party/FreeRTOS/Source/tasks.o
 .bss.uxPendedTicks
                0x0000000020000390        0x4 Middlewares/Third_Party/FreeRTOS/Source/tasks.o
 .bss.xYieldPending
                0x0000000020000394        0x4 Middlewares/Third_Party/FreeRTOS/Source/tasks.o
 .bss.xNumOfOverflows
                0x0000000020000398        0x4 Middlewares/Third_Party/FreeRTOS/Source/tasks.o
 .bss.uxTaskNumber
                0x000000002000039c        0x4 Middlewares/Third_Party/FreeRTOS/Source/tasks.o
 .bss.xNextTaskUnblockTime
                0x00000000200003a0        0x4 Middlewares/Third_Party/FreeRTOS/Source/tasks.o
 .bss.xIdleTaskHandle
                0x00000000200003a4        0x4 Middlewares/Third_Party/FreeRTOS/Source/tasks.o
 .bss.uxSchedulerSuspended
                0x00000000200003a8        0x4 Middlewares/Third_Party/FreeRTOS/Source/tasks.o
 .bss.ucMaxSysCallPriority
                0x00000000200003ac        0x1 Middlewares/Third_Party/FreeRTOS/Source/portable/GCC/ARM_CM4F/port.o
 *fill*         0x00000000200003ad        0x3 
 .bss.ulMaxPRIGROUPValue
                0x00000000200003b0        0x4 Middlewares/Third_Party/FreeRTOS/Source/portable/GCC/ARM_CM4F/port.o
 .bss.ucHeap    0x00000000200003b4     0x3c00 Middlewares/Third_Party/FreeRTOS/Source/portable/MemMang/heap_4.o
 .bss.xStart    0x0000000020003fb4        0x8 Middlewares/Third_Party/FreeRTOS/Source/portable/MemMang/heap_4.o
 .bss.pxEnd     0x0000000020003fbc        0x4 Middlewares/Third_Party/FreeRTOS/Source/portable/MemMang/heap_4.o
 .bss.xFreeBytesRemaining
                0x0000000020003fc0        0x4 Middlewares/Third_Party/FreeRTOS/Source/portable/MemMang/heap_4.o
 .bss.xMinimumEverFreeBytesRemaining
                0x0000000020003fc4        0x4 Middlewares/Third_Party/FreeRTOS/Source/portable/MemMang/heap_4.o
 .bss.xBlockAllocatedBit
                0x0000000020003fc8        0x4 Middlewares/Third_Party/FreeRTOS/Source/portable/MemMang/heap_4.o
 *(COMMON)
 COMMON         0x0000000020003fcc        0x4 Core/Src/Deferred_Sever.o
                0x0000000020003fcc                EFSema
 COMMON         0x0000000020003fd0      0x148 Core/Src/main.o
                0x0000000020003fd0                Green_LED_TaskHandle
                0x0000000020003fd4                hi2c1
                0x0000000020004028                Orange_LED_TaskHandle
                0x000000002000402c                Deferred_TaskHandle
                0x0000000020004030                hspi1
                0x0000000020004088                hi2s2
                0x00000000200040d0                hi2s3
 COMMON         0x0000000020004118       0x40 Core/Src/stm32f4xx_hal_timebase_tim.o
                0x0000000020004118                htim1
 COMMON         0x0000000020004158        0x4 Drivers/STM32F4xx_HAL_Driver/Src/stm32f4xx_hal.o
                0x0000000020004158                uwTick
                0x000000002000415c                . = ALIGN (0x4)
                0x000000002000415c                _ebss = .
                0x000000002000415c                __bss_end__ = _ebss

._user_heap_stack
                0x000000002000415c      0x604 load address 0x0000000008005320
                0x0000000020004160                . = ALIGN (0x8)
 *fill*         0x000000002000415c        0x4 
                0x0000000020004160                PROVIDE (end = .)
                [!provide]                        PROVIDE (_end = .)
                0x0000000020004360                . = (. + _Min_Heap_Size)
 *fill*         0x0000000020004160      0x200 
                0x0000000020004760                . = (. + _Min_Stack_Size)
 *fill*         0x0000000020004360      0x400 
                0x0000000020004760                . = ALIGN (0x8)

/DISCARD/
 libc.a(*)
 libm.a(*)
 libgcc.a(*)

.ARM.attributes
                0x0000000000000000       0x30
 *(.ARM.attributes)
 .ARM.attributes
                0x0000000000000000       0x22 c:/rtos/stm32cubeide/plugins/com.st.stm32cube.ide.mcu.externaltools.gnu-tools-for-stm32.7-2018-q2-update.win32_1.0.0.201904181610/tools/bin/../lib/gcc/arm-none-eabi/7.3.1/thumb/v7e-m/fpv4-sp/hard/crti.o
 .ARM.attributes
                0x0000000000000022       0x34 c:/rtos/stm32cubeide/plugins/com.st.stm32cube.ide.mcu.externaltools.gnu-tools-for-stm32.7-2018-q2-update.win32_1.0.0.201904181610/tools/bin/../lib/gcc/arm-none-eabi/7.3.1/thumb/v7e-m/fpv4-sp/hard/crtbegin.o
 .ARM.attributes
                0x0000000000000056       0x39 Core/Src/Deferred_Sever.o
 .ARM.attributes
                0x000000000000008f       0x39 Core/Src/freertos.o
 .ARM.attributes
                0x00000000000000c8       0x39 Core/Src/main.o
 .ARM.attributes
                0x0000000000000101       0x39 Core/Src/stm32f4xx_hal_msp.o
 .ARM.attributes
                0x000000000000013a       0x39 Core/Src/stm32f4xx_hal_timebase_tim.o
 .ARM.attributes
                0x0000000000000173       0x39 Core/Src/stm32f4xx_it.o
 .ARM.attributes
                0x00000000000001ac       0x39 Core/Src/system_stm32f4xx.o
 .ARM.attributes
                0x00000000000001e5       0x21 Core/Startup/startup_stm32f411vetx.o
 .ARM.attributes
                0x0000000000000206       0x39 Drivers/STM32F4xx_HAL_Driver/Src/stm32f4xx_hal.o
 .ARM.attributes
                0x000000000000023f       0x39 Drivers/STM32F4xx_HAL_Driver/Src/stm32f4xx_hal_cortex.o
 .ARM.attributes
                0x0000000000000278       0x39 Drivers/STM32F4xx_HAL_Driver/Src/stm32f4xx_hal_gpio.o
 .ARM.attributes
                0x00000000000002b1       0x39 Drivers/STM32F4xx_HAL_Driver/Src/stm32f4xx_hal_i2c.o
 .ARM.attributes
                0x00000000000002ea       0x39 Drivers/STM32F4xx_HAL_Driver/Src/stm32f4xx_hal_i2s.o
 .ARM.attributes
                0x0000000000000323       0x39 Drivers/STM32F4xx_HAL_Driver/Src/stm32f4xx_hal_i2s_ex.o
 .ARM.attributes
                0x000000000000035c       0x39 Drivers/STM32F4xx_HAL_Driver/Src/stm32f4xx_hal_rcc.o
 .ARM.attributes
                0x0000000000000395       0x39 Drivers/STM32F4xx_HAL_Driver/Src/stm32f4xx_hal_rcc_ex.o
 .ARM.attributes
                0x00000000000003ce       0x39 Drivers/STM32F4xx_HAL_Driver/Src/stm32f4xx_hal_spi.o
 .ARM.attributes
                0x0000000000000407       0x39 Drivers/STM32F4xx_HAL_Driver/Src/stm32f4xx_hal_tim.o
 .ARM.attributes
                0x0000000000000440       0x39 Drivers/STM32F4xx_HAL_Driver/Src/stm32f4xx_hal_tim_ex.o
 .ARM.attributes
                0x0000000000000479       0x39 Middlewares/Third_Party/FreeRTOS/Source/CMSIS_RTOS/cmsis_os.o
 .ARM.attributes
                0x00000000000004b2       0x39 Middlewares/Third_Party/FreeRTOS/Source/list.o
 .ARM.attributes
                0x00000000000004eb       0x39 Middlewares/Third_Party/FreeRTOS/Source/queue.o
 .ARM.attributes
                0x0000000000000524       0x39 Middlewares/Third_Party/FreeRTOS/Source/tasks.o
 .ARM.attributes
                0x000000000000055d       0x39 Middlewares/Third_Party/FreeRTOS/Source/portable/GCC/ARM_CM4F/port.o
 .ARM.attributes
                0x0000000000000596       0x39 Middlewares/Third_Party/FreeRTOS/Source/portable/MemMang/heap_4.o
 .ARM.attributes
                0x00000000000005cf       0x34 c:/rtos/stm32cubeide/plugins/com.st.stm32cube.ide.mcu.externaltools.gnu-tools-for-stm32.7-2018-q2-update.win32_1.0.0.201904181610/tools/bin/../lib/gcc/arm-none-eabi/7.3.1/../../../../arm-none-eabi/lib/thumb/v7e-m/fpv4-sp/hard\libc_nano.a(lib_a-init.o)
 .ARM.attributes
                0x0000000000000603       0x34 c:/rtos/stm32cubeide/plugins/com.st.stm32cube.ide.mcu.externaltools.gnu-tools-for-stm32.7-2018-q2-update.win32_1.0.0.201904181610/tools/bin/../lib/gcc/arm-none-eabi/7.3.1/../../../../arm-none-eabi/lib/thumb/v7e-m/fpv4-sp/hard\libc_nano.a(lib_a-memset.o)
 .ARM.attributes
                0x0000000000000637       0x22 c:/rtos/stm32cubeide/plugins/com.st.stm32cube.ide.mcu.externaltools.gnu-tools-for-stm32.7-2018-q2-update.win32_1.0.0.201904181610/tools/bin/../lib/gcc/arm-none-eabi/7.3.1/thumb/v7e-m/fpv4-sp/hard\libgcc.a(_aeabi_uldivmod.o)
 .ARM.attributes
                0x0000000000000659       0x34 c:/rtos/stm32cubeide/plugins/com.st.stm32cube.ide.mcu.externaltools.gnu-tools-for-stm32.7-2018-q2-update.win32_1.0.0.201904181610/tools/bin/../lib/gcc/arm-none-eabi/7.3.1/thumb/v7e-m/fpv4-sp/hard\libgcc.a(_udivmoddi4.o)
 .ARM.attributes
                0x000000000000068d       0x22 c:/rtos/stm32cubeide/plugins/com.st.stm32cube.ide.mcu.externaltools.gnu-tools-for-stm32.7-2018-q2-update.win32_1.0.0.201904181610/tools/bin/../lib/gcc/arm-none-eabi/7.3.1/thumb/v7e-m/fpv4-sp/hard\libgcc.a(_dvmd_tls.o)
 .ARM.attributes
                0x00000000000006af       0x22 c:/rtos/stm32cubeide/plugins/com.st.stm32cube.ide.mcu.externaltools.gnu-tools-for-stm32.7-2018-q2-update.win32_1.0.0.201904181610/tools/bin/../lib/gcc/arm-none-eabi/7.3.1/thumb/v7e-m/fpv4-sp/hard/crtn.o
OUTPUT(Exercise_23.elf elf32-littlearm)

.debug_info     0x0000000000000000    0x17a8f
 .debug_info    0x0000000000000000      0x120 Core/Src/Deferred_Sever.o
 .debug_info    0x0000000000000120      0x344 Core/Src/freertos.o
 .debug_info    0x0000000000000464     0x18a1 Core/Src/main.o
 .debug_info    0x0000000000001d05     0x112a Core/Src/stm32f4xx_hal_msp.o
 .debug_info    0x0000000000002e2f      0xabf Core/Src/stm32f4xx_hal_timebase_tim.o
 .debug_info    0x00000000000038ee      0x798 Core/Src/stm32f4xx_it.o
 .debug_info    0x0000000000004086      0x57e Core/Src/system_stm32f4xx.o
 .debug_info    0x0000000000004604       0x22 Core/Startup/startup_stm32f411vetx.o
 .debug_info    0x0000000000004626      0x8d9 Drivers/STM32F4xx_HAL_Driver/Src/stm32f4xx_hal.o
 .debug_info    0x0000000000004eff      0xd98 Drivers/STM32F4xx_HAL_Driver/Src/stm32f4xx_hal_cortex.o
 .debug_info    0x0000000000005c97      0x7dd Drivers/STM32F4xx_HAL_Driver/Src/stm32f4xx_hal_gpio.o
 .debug_info    0x0000000000006474     0x23ba Drivers/STM32F4xx_HAL_Driver/Src/stm32f4xx_hal_i2c.o
 .debug_info    0x000000000000882e      0xdd7 Drivers/STM32F4xx_HAL_Driver/Src/stm32f4xx_hal_i2s.o
 .debug_info    0x0000000000009605      0xb6e Drivers/STM32F4xx_HAL_Driver/Src/stm32f4xx_hal_i2s_ex.o
 .debug_info    0x000000000000a173      0x92e Drivers/STM32F4xx_HAL_Driver/Src/stm32f4xx_hal_rcc.o
 .debug_info    0x000000000000aaa1      0x618 Drivers/STM32F4xx_HAL_Driver/Src/stm32f4xx_hal_rcc_ex.o
 .debug_info    0x000000000000b0b9     0x1632 Drivers/STM32F4xx_HAL_Driver/Src/stm32f4xx_hal_spi.o
 .debug_info    0x000000000000c6eb     0x24a1 Drivers/STM32F4xx_HAL_Driver/Src/stm32f4xx_hal_tim.o
 .debug_info    0x000000000000eb8c     0x114f Drivers/STM32F4xx_HAL_Driver/Src/stm32f4xx_hal_tim_ex.o
 .debug_info    0x000000000000fcdb     0x1e69 Middlewares/Third_Party/FreeRTOS/Source/CMSIS_RTOS/cmsis_os.o
 .debug_info    0x0000000000011b44      0xac5 Middlewares/Third_Party/FreeRTOS/Source/list.o
 .debug_info    0x0000000000012609     0x1f2d Middlewares/Third_Party/FreeRTOS/Source/queue.o
 .debug_info    0x0000000000014536     0x243c Middlewares/Third_Party/FreeRTOS/Source/tasks.o
 .debug_info    0x0000000000016972      0x533 Middlewares/Third_Party/FreeRTOS/Source/portable/GCC/ARM_CM4F/port.o
 .debug_info    0x0000000000016ea5      0xbea Middlewares/Third_Party/FreeRTOS/Source/portable/MemMang/heap_4.o

.debug_abbrev   0x0000000000000000     0x3292
 .debug_abbrev  0x0000000000000000       0x7b Core/Src/Deferred_Sever.o
 .debug_abbrev  0x000000000000007b      0x109 Core/Src/freertos.o
 .debug_abbrev  0x0000000000000184      0x261 Core/Src/main.o
 .debug_abbrev  0x00000000000003e5      0x1cd Core/Src/stm32f4xx_hal_msp.o
 .debug_abbrev  0x00000000000005b2      0x1ac Core/Src/stm32f4xx_hal_timebase_tim.o
 .debug_abbrev  0x000000000000075e      0x169 Core/Src/stm32f4xx_it.o
 .debug_abbrev  0x00000000000008c7      0x12b Core/Src/system_stm32f4xx.o
 .debug_abbrev  0x00000000000009f2       0x12 Core/Startup/startup_stm32f411vetx.o
 .debug_abbrev  0x0000000000000a04      0x1f2 Drivers/STM32F4xx_HAL_Driver/Src/stm32f4xx_hal.o
 .debug_abbrev  0x0000000000000bf6      0x2fa Drivers/STM32F4xx_HAL_Driver/Src/stm32f4xx_hal_cortex.o
 .debug_abbrev  0x0000000000000ef0      0x1c9 Drivers/STM32F4xx_HAL_Driver/Src/stm32f4xx_hal_gpio.o
 .debug_abbrev  0x00000000000010b9      0x263 Drivers/STM32F4xx_HAL_Driver/Src/stm32f4xx_hal_i2c.o
 .debug_abbrev  0x000000000000131c      0x22a Drivers/STM32F4xx_HAL_Driver/Src/stm32f4xx_hal_i2s.o
 .debug_abbrev  0x0000000000001546      0x255 Drivers/STM32F4xx_HAL_Driver/Src/stm32f4xx_hal_i2s_ex.o
 .debug_abbrev  0x000000000000179b      0x245 Drivers/STM32F4xx_HAL_Driver/Src/stm32f4xx_hal_rcc.o
 .debug_abbrev  0x00000000000019e0      0x173 Drivers/STM32F4xx_HAL_Driver/Src/stm32f4xx_hal_rcc_ex.o
 .debug_abbrev  0x0000000000001b53      0x240 Drivers/STM32F4xx_HAL_Driver/Src/stm32f4xx_hal_spi.o
 .debug_abbrev  0x0000000000001d93      0x23f Drivers/STM32F4xx_HAL_Driver/Src/stm32f4xx_hal_tim.o
 .debug_abbrev  0x0000000000001fd2      0x22d Drivers/STM32F4xx_HAL_Driver/Src/stm32f4xx_hal_tim_ex.o
 .debug_abbrev  0x00000000000021ff      0x38a Middlewares/Third_Party/FreeRTOS/Source/CMSIS_RTOS/cmsis_os.o
 .debug_abbrev  0x0000000000002589      0x1cf Middlewares/Third_Party/FreeRTOS/Source/list.o
 .debug_abbrev  0x0000000000002758      0x354 Middlewares/Third_Party/FreeRTOS/Source/queue.o
 .debug_abbrev  0x0000000000002aac      0x338 Middlewares/Third_Party/FreeRTOS/Source/tasks.o
 .debug_abbrev  0x0000000000002de4      0x210 Middlewares/Third_Party/FreeRTOS/Source/portable/GCC/ARM_CM4F/port.o
 .debug_abbrev  0x0000000000002ff4      0x29e Middlewares/Third_Party/FreeRTOS/Source/portable/MemMang/heap_4.o

.debug_aranges  0x0000000000000000     0x15b0
 .debug_aranges
                0x0000000000000000       0x30 Core/Src/Deferred_Sever.o
 .debug_aranges
                0x0000000000000030       0x20 Core/Src/freertos.o
 .debug_aranges
                0x0000000000000050       0x78 Core/Src/main.o
 .debug_aranges
                0x00000000000000c8       0x50 Core/Src/stm32f4xx_hal_msp.o
 .debug_aranges
                0x0000000000000118       0x30 Core/Src/stm32f4xx_hal_timebase_tim.o
 .debug_aranges
                0x0000000000000148       0x58 Core/Src/stm32f4xx_it.o
 .debug_aranges
                0x00000000000001a0       0x28 Core/Src/system_stm32f4xx.o
 .debug_aranges
                0x00000000000001c8       0x28 Core/Startup/startup_stm32f411vetx.o
 .debug_aranges
                0x00000000000001f0       0xf0 Drivers/STM32F4xx_HAL_Driver/Src/stm32f4xx_hal.o
 .debug_aranges
                0x00000000000002e0      0x118 Drivers/STM32F4xx_HAL_Driver/Src/stm32f4xx_hal_cortex.o
 .debug_aranges
                0x00000000000003f8       0x58 Drivers/STM32F4xx_HAL_Driver/Src/stm32f4xx_hal_gpio.o
 .debug_aranges
                0x0000000000000450      0x298 Drivers/STM32F4xx_HAL_Driver/Src/stm32f4xx_hal_i2c.o
 .debug_aranges
                0x00000000000006e8      0x108 Drivers/STM32F4xx_HAL_Driver/Src/stm32f4xx_hal_i2s.o
 .debug_aranges
                0x00000000000007f0       0x88 Drivers/STM32F4xx_HAL_Driver/Src/stm32f4xx_hal_i2s_ex.o
 .debug_aranges
                0x0000000000000878       0x88 Drivers/STM32F4xx_HAL_Driver/Src/stm32f4xx_hal_rcc.o
 .debug_aranges
                0x0000000000000900       0x50 Drivers/STM32F4xx_HAL_Driver/Src/stm32f4xx_hal_rcc_ex.o
 .debug_aranges
                0x0000000000000950      0x1d0 Drivers/STM32F4xx_HAL_Driver/Src/stm32f4xx_hal_spi.o
 .debug_aranges
                0x0000000000000b20      0x3a8 Drivers/STM32F4xx_HAL_Driver/Src/stm32f4xx_hal_tim.o
 .debug_aranges
                0x0000000000000ec8      0x150 Drivers/STM32F4xx_HAL_Driver/Src/stm32f4xx_hal_tim_ex.o
 .debug_aranges
                0x0000000000001018      0x1d8 Middlewares/Third_Party/FreeRTOS/Source/CMSIS_RTOS/cmsis_os.o
 .debug_aranges
                0x00000000000011f0       0x40 Middlewares/Third_Party/FreeRTOS/Source/list.o
 .debug_aranges
                0x0000000000001230      0x108 Middlewares/Third_Party/FreeRTOS/Source/queue.o
 .debug_aranges
                0x0000000000001338      0x1a8 Middlewares/Third_Party/FreeRTOS/Source/tasks.o
 .debug_aranges
                0x00000000000014e0       0x80 Middlewares/Third_Party/FreeRTOS/Source/portable/GCC/ARM_CM4F/port.o
 .debug_aranges
                0x0000000000001560       0x50 Middlewares/Third_Party/FreeRTOS/Source/portable/MemMang/heap_4.o

.debug_ranges   0x0000000000000000     0x1448
 .debug_ranges  0x0000000000000000       0x20 Core/Src/Deferred_Sever.o
 .debug_ranges  0x0000000000000020       0x10 Core/Src/freertos.o
 .debug_ranges  0x0000000000000030       0x68 Core/Src/main.o
 .debug_ranges  0x0000000000000098       0x40 Core/Src/stm32f4xx_hal_msp.o
 .debug_ranges  0x00000000000000d8       0x20 Core/Src/stm32f4xx_hal_timebase_tim.o
 .debug_ranges  0x00000000000000f8       0x48 Core/Src/stm32f4xx_it.o
 .debug_ranges  0x0000000000000140       0x18 Core/Src/system_stm32f4xx.o
 .debug_ranges  0x0000000000000158       0x20 Core/Startup/startup_stm32f411vetx.o
 .debug_ranges  0x0000000000000178       0xe0 Drivers/STM32F4xx_HAL_Driver/Src/stm32f4xx_hal.o
 .debug_ranges  0x0000000000000258      0x108 Drivers/STM32F4xx_HAL_Driver/Src/stm32f4xx_hal_cortex.o
 .debug_ranges  0x0000000000000360       0x48 Drivers/STM32F4xx_HAL_Driver/Src/stm32f4xx_hal_gpio.o
 .debug_ranges  0x00000000000003a8      0x2a8 Drivers/STM32F4xx_HAL_Driver/Src/stm32f4xx_hal_i2c.o
 .debug_ranges  0x0000000000000650       0xf8 Drivers/STM32F4xx_HAL_Driver/Src/stm32f4xx_hal_i2s.o
 .debug_ranges  0x0000000000000748       0x78 Drivers/STM32F4xx_HAL_Driver/Src/stm32f4xx_hal_i2s_ex.o
 .debug_ranges  0x00000000000007c0       0x78 Drivers/STM32F4xx_HAL_Driver/Src/stm32f4xx_hal_rcc.o
 .debug_ranges  0x0000000000000838       0x40 Drivers/STM32F4xx_HAL_Driver/Src/stm32f4xx_hal_rcc_ex.o
 .debug_ranges  0x0000000000000878      0x1c0 Drivers/STM32F4xx_HAL_Driver/Src/stm32f4xx_hal_spi.o
 .debug_ranges  0x0000000000000a38      0x398 Drivers/STM32F4xx_HAL_Driver/Src/stm32f4xx_hal_tim.o
 .debug_ranges  0x0000000000000dd0      0x140 Drivers/STM32F4xx_HAL_Driver/Src/stm32f4xx_hal_tim_ex.o
 .debug_ranges  0x0000000000000f10      0x1c8 Middlewares/Third_Party/FreeRTOS/Source/CMSIS_RTOS/cmsis_os.o
 .debug_ranges  0x00000000000010d8       0x30 Middlewares/Third_Party/FreeRTOS/Source/list.o
 .debug_ranges  0x0000000000001108       0xf8 Middlewares/Third_Party/FreeRTOS/Source/queue.o
 .debug_ranges  0x0000000000001200      0x198 Middlewares/Third_Party/FreeRTOS/Source/tasks.o
 .debug_ranges  0x0000000000001398       0x70 Middlewares/Third_Party/FreeRTOS/Source/portable/GCC/ARM_CM4F/port.o
 .debug_ranges  0x0000000000001408       0x40 Middlewares/Third_Party/FreeRTOS/Source/portable/MemMang/heap_4.o

.debug_macro    0x0000000000000000    0x182d4
 .debug_macro   0x0000000000000000       0xda Core/Src/Deferred_Sever.o
 .debug_macro   0x00000000000000da      0xa5a Core/Src/Deferred_Sever.o
 .debug_macro   0x0000000000000b34      0x174 Core/Src/Deferred_Sever.o
 .debug_macro   0x0000000000000ca8       0x22 Core/Src/Deferred_Sever.o
 .debug_macro   0x0000000000000cca       0x8e Core/Src/Deferred_Sever.o
 .debug_macro   0x0000000000000d58       0x51 Core/Src/Deferred_Sever.o
 .debug_macro   0x0000000000000da9       0xef Core/Src/Deferred_Sever.o
 .debug_macro   0x0000000000000e98       0x6a Core/Src/Deferred_Sever.o
 .debug_macro   0x0000000000000f02      0x1df Core/Src/Deferred_Sever.o
 .debug_macro   0x00000000000010e1       0xd6 Core/Src/Deferred_Sever.o
 .debug_macro   0x00000000000011b7      0x15a Core/Src/Deferred_Sever.o
 .debug_macro   0x0000000000001311       0xd7 Core/Src/Deferred_Sever.o
 .debug_macro   0x00000000000013e8       0x10 Core/Src/Deferred_Sever.o
 .debug_macro   0x00000000000013f8       0x1f Core/Src/Deferred_Sever.o
 .debug_macro   0x0000000000001417      0x4b7 Core/Src/Deferred_Sever.o
 .debug_macro   0x00000000000018ce       0x8d Core/Src/Deferred_Sever.o
 .debug_macro   0x000000000000195b       0x7e Core/Src/Deferred_Sever.o
 .debug_macro   0x00000000000019d9      0x277 Core/Src/freertos.o
 .debug_macro   0x0000000000001c50       0xb5 Core/Src/freertos.o
 .debug_macro   0x0000000000001d05       0x8c Core/Src/freertos.o
 .debug_macro   0x0000000000001d91      0x196 Core/Src/freertos.o
 .debug_macro   0x0000000000001f27       0x32 Core/Src/freertos.o
 .debug_macro   0x0000000000001f59       0x28 Core/Src/freertos.o
 .debug_macro   0x0000000000001f81       0x1c Core/Src/freertos.o
 .debug_macro   0x0000000000001f9d       0x22 Core/Src/freertos.o
 .debug_macro   0x0000000000001fbf       0xdf Core/Src/freertos.o
 .debug_macro   0x000000000000209e     0x102d Core/Src/freertos.o
 .debug_macro   0x00000000000030cb      0x11f Core/Src/freertos.o
 .debug_macro   0x00000000000031ea     0xb937 Core/Src/freertos.o
 .debug_macro   0x000000000000eb21       0x43 Core/Src/freertos.o
 .debug_macro   0x000000000000eb64     0x3652 Core/Src/freertos.o
 .debug_macro   0x00000000000121b6       0x5a Core/Src/freertos.o
 .debug_macro   0x0000000000012210      0x447 Core/Src/freertos.o
 .debug_macro   0x0000000000012657      0x9fe Core/Src/freertos.o
 .debug_macro   0x0000000000013055      0x15f Core/Src/freertos.o
 .debug_macro   0x00000000000131b4      0x117 Core/Src/freertos.o
 .debug_macro   0x00000000000132cb      0x11b Core/Src/freertos.o
 .debug_macro   0x00000000000133e6       0x27 Core/Src/freertos.o
 .debug_macro   0x000000000001340d      0x287 Core/Src/freertos.o
 .debug_macro   0x0000000000013694       0x5f Core/Src/freertos.o
 .debug_macro   0x00000000000136f3      0x236 Core/Src/freertos.o
 .debug_macro   0x0000000000013929      0x132 Core/Src/freertos.o
 .debug_macro   0x0000000000013a5b      0x264 Core/Src/freertos.o
 .debug_macro   0x0000000000013cbf       0x2e Core/Src/freertos.o
 .debug_macro   0x0000000000013ced      0x1b5 Core/Src/freertos.o
 .debug_macro   0x0000000000013ea2       0x22 Core/Src/freertos.o
 .debug_macro   0x0000000000013ec4       0xd6 Core/Src/freertos.o
 .debug_macro   0x0000000000013f9a      0x199 Core/Src/freertos.o
 .debug_macro   0x0000000000014133       0x40 Core/Src/freertos.o
 .debug_macro   0x0000000000014173       0x4a Core/Src/freertos.o
 .debug_macro   0x00000000000141bd      0x11a Core/Src/freertos.o
 .debug_macro   0x00000000000142d7       0x85 Core/Src/freertos.o
 .debug_macro   0x000000000001435c       0x89 Core/Src/freertos.o
 .debug_macro   0x00000000000143e5      0x225 Core/Src/freertos.o
 .debug_macro   0x000000000001460a      0x8a0 Core/Src/freertos.o
 .debug_macro   0x0000000000014eaa       0x47 Core/Src/freertos.o
 .debug_macro   0x0000000000014ef1      0x126 Core/Src/freertos.o
 .debug_macro   0x0000000000015017      0x19d Core/Src/freertos.o
 .debug_macro   0x00000000000151b4      0x2cc Core/Src/main.o
 .debug_macro   0x0000000000015480       0xd6 Core/Src/main.o
 .debug_macro   0x0000000000015556       0x91 Core/Src/main.o
 .debug_macro   0x00000000000155e7       0x19 Core/Src/main.o
 .debug_macro   0x0000000000015600       0xf2 Core/Src/main.o
 .debug_macro   0x00000000000156f2      0x20f Core/Src/stm32f4xx_hal_msp.o
 .debug_macro   0x0000000000015901      0x200 Core/Src/stm32f4xx_hal_timebase_tim.o
 .debug_macro   0x0000000000015b01      0x28b Core/Src/stm32f4xx_it.o
 .debug_macro   0x0000000000015d8c      0x206 Core/Src/system_stm32f4xx.o
 .debug_macro   0x0000000000015f92      0x260 Drivers/STM32F4xx_HAL_Driver/Src/stm32f4xx_hal.o
 .debug_macro   0x00000000000161f2      0x200 Drivers/STM32F4xx_HAL_Driver/Src/stm32f4xx_hal_cortex.o
 .debug_macro   0x00000000000163f2      0x236 Drivers/STM32F4xx_HAL_Driver/Src/stm32f4xx_hal_gpio.o
 .debug_macro   0x0000000000016628      0x240 Drivers/STM32F4xx_HAL_Driver/Src/stm32f4xx_hal_i2c.o
 .debug_macro   0x0000000000016868      0x201 Drivers/STM32F4xx_HAL_Driver/Src/stm32f4xx_hal_i2s.o
 .debug_macro   0x0000000000016a69      0x200 Drivers/STM32F4xx_HAL_Driver/Src/stm32f4xx_hal_i2s_ex.o
 .debug_macro   0x0000000000016c69      0x224 Drivers/STM32F4xx_HAL_Driver/Src/stm32f4xx_hal_rcc.o
 .debug_macro   0x0000000000016e8d      0x200 Drivers/STM32F4xx_HAL_Driver/Src/stm32f4xx_hal_rcc_ex.o
 .debug_macro   0x000000000001708d      0x20f Drivers/STM32F4xx_HAL_Driver/Src/stm32f4xx_hal_spi.o
 .debug_macro   0x000000000001729c      0x201 Drivers/STM32F4xx_HAL_Driver/Src/stm32f4xx_hal_tim.o
 .debug_macro   0x000000000001749d      0x200 Drivers/STM32F4xx_HAL_Driver/Src/stm32f4xx_hal_tim_ex.o
 .debug_macro   0x000000000001769d      0x1f1 Middlewares/Third_Party/FreeRTOS/Source/CMSIS_RTOS/cmsis_os.o
 .debug_macro   0x000000000001788e       0x10 Middlewares/Third_Party/FreeRTOS/Source/CMSIS_RTOS/cmsis_os.o
 .debug_macro   0x000000000001789e       0x20 Middlewares/Third_Party/FreeRTOS/Source/CMSIS_RTOS/cmsis_os.o
 .debug_macro   0x00000000000178be       0xc7 Middlewares/Third_Party/FreeRTOS/Source/CMSIS_RTOS/cmsis_os.o
 .debug_macro   0x0000000000017985      0x17a Middlewares/Third_Party/FreeRTOS/Source/list.o
 .debug_macro   0x0000000000017aff      0x205 Middlewares/Third_Party/FreeRTOS/Source/queue.o
 .debug_macro   0x0000000000017d04       0x16 Middlewares/Third_Party/FreeRTOS/Source/queue.o
 .debug_macro   0x0000000000017d1a      0x273 Middlewares/Third_Party/FreeRTOS/Source/tasks.o
 .debug_macro   0x0000000000017f8d       0x10 Middlewares/Third_Party/FreeRTOS/Source/tasks.o
 .debug_macro   0x0000000000017f9d      0x196 Middlewares/Third_Party/FreeRTOS/Source/portable/GCC/ARM_CM4F/port.o
 .debug_macro   0x0000000000018133      0x1a1 Middlewares/Third_Party/FreeRTOS/Source/portable/MemMang/heap_4.o

.debug_line     0x0000000000000000    0x10d97
 .debug_line    0x0000000000000000      0x49d Core/Src/Deferred_Sever.o
 .debug_line    0x000000000000049d      0x7d8 Core/Src/freertos.o
 .debug_line    0x0000000000000c75      0xa08 Core/Src/main.o
 .debug_line    0x000000000000167d      0x796 Core/Src/stm32f4xx_hal_msp.o
 .debug_line    0x0000000000001e13      0x712 Core/Src/stm32f4xx_hal_timebase_tim.o
 .debug_line    0x0000000000002525      0x88b Core/Src/stm32f4xx_it.o
 .debug_line    0x0000000000002db0      0x6f9 Core/Src/system_stm32f4xx.o
 .debug_line    0x00000000000034a9       0x86 Core/Startup/startup_stm32f411vetx.o
 .debug_line    0x000000000000352f      0x8e3 Drivers/STM32F4xx_HAL_Driver/Src/stm32f4xx_hal.o
 .debug_line    0x0000000000003e12      0xa07 Drivers/STM32F4xx_HAL_Driver/Src/stm32f4xx_hal_cortex.o
 .debug_line    0x0000000000004819      0x886 Drivers/STM32F4xx_HAL_Driver/Src/stm32f4xx_hal_gpio.o
 .debug_line    0x000000000000509f     0x1b1d Drivers/STM32F4xx_HAL_Driver/Src/stm32f4xx_hal_i2c.o
 .debug_line    0x0000000000006bbc      0xc9b Drivers/STM32F4xx_HAL_Driver/Src/stm32f4xx_hal_i2s.o
 .debug_line    0x0000000000007857      0xead Drivers/STM32F4xx_HAL_Driver/Src/stm32f4xx_hal_i2s_ex.o
 .debug_line    0x0000000000008704      0x93b Drivers/STM32F4xx_HAL_Driver/Src/stm32f4xx_hal_rcc.o
 .debug_line    0x000000000000903f      0x820 Drivers/STM32F4xx_HAL_Driver/Src/stm32f4xx_hal_rcc_ex.o
 .debug_line    0x000000000000985f     0x1096 Drivers/STM32F4xx_HAL_Driver/Src/stm32f4xx_hal_spi.o
 .debug_line    0x000000000000a8f5     0x17a0 Drivers/STM32F4xx_HAL_Driver/Src/stm32f4xx_hal_tim.o
 .debug_line    0x000000000000c095      0xcee Drivers/STM32F4xx_HAL_Driver/Src/stm32f4xx_hal_tim_ex.o
 .debug_line    0x000000000000cd83      0xc6b Middlewares/Third_Party/FreeRTOS/Source/CMSIS_RTOS/cmsis_os.o
 .debug_line    0x000000000000d9ee      0x617 Middlewares/Third_Party/FreeRTOS/Source/list.o
 .debug_line    0x000000000000e005      0xf18 Middlewares/Third_Party/FreeRTOS/Source/queue.o
 .debug_line    0x000000000000ef1d     0x111e Middlewares/Third_Party/FreeRTOS/Source/tasks.o
 .debug_line    0x000000000001003b      0x65f Middlewares/Third_Party/FreeRTOS/Source/portable/GCC/ARM_CM4F/port.o
 .debug_line    0x000000000001069a      0x6fd Middlewares/Third_Party/FreeRTOS/Source/portable/MemMang/heap_4.o

.debug_str      0x0000000000000000    0x980a8
 .debug_str     0x0000000000000000     0x79f5 Core/Src/Deferred_Sever.o
                                       0x7c19 (size before relaxing)
 .debug_str     0x00000000000079f5    0x84d12 Core/Src/freertos.o
                                      0x8b9a4 (size before relaxing)
 .debug_str     0x000000000008c707     0x244a Core/Src/main.o
                                      0x8ee72 (size before relaxing)
 .debug_str     0x000000000008eb51       0xa1 Core/Src/stm32f4xx_hal_msp.o
                                      0x88c1d (size before relaxing)
 .debug_str     0x000000000008ebf2       0xaa Core/Src/stm32f4xx_hal_timebase_tim.o
                                      0x88175 (size before relaxing)
 .debug_str     0x000000000008ec9c       0xbc Core/Src/stm32f4xx_it.o
                                      0x8bda1 (size before relaxing)
 .debug_str     0x000000000008ed58       0xc4 Core/Src/system_stm32f4xx.o
                                      0x87957 (size before relaxing)
 .debug_str     0x000000000008ee1c       0x36 Core/Startup/startup_stm32f411vetx.o
                                         0x50 (size before relaxing)
 .debug_str     0x000000000008ee52      0x542 Drivers/STM32F4xx_HAL_Driver/Src/stm32f4xx_hal.o
                                      0x882cc (size before relaxing)
 .debug_str     0x000000000008f394      0x389 Drivers/STM32F4xx_HAL_Driver/Src/stm32f4xx_hal_cortex.o
                                      0x880a9 (size before relaxing)
 .debug_str     0x000000000008f71d      0x20c Drivers/STM32F4xx_HAL_Driver/Src/stm32f4xx_hal_gpio.o
                                      0x87b96 (size before relaxing)
 .debug_str     0x000000000008f929      0xa86 Drivers/STM32F4xx_HAL_Driver/Src/stm32f4xx_hal_i2c.o
                                      0x88893 (size before relaxing)
 .debug_str     0x00000000000903af      0x266 Drivers/STM32F4xx_HAL_Driver/Src/stm32f4xx_hal_i2s.o
                                      0x87ee3 (size before relaxing)
 .debug_str     0x0000000000090615      0x1f1 Drivers/STM32F4xx_HAL_Driver/Src/stm32f4xx_hal_i2s_ex.o
                                      0x87e37 (size before relaxing)
 .debug_str     0x0000000000090806      0x244 Drivers/STM32F4xx_HAL_Driver/Src/stm32f4xx_hal_rcc.o
                                      0x87d44 (size before relaxing)
 .debug_str     0x0000000000090a4a      0x12b Drivers/STM32F4xx_HAL_Driver/Src/stm32f4xx_hal_rcc_ex.o
                                      0x87ac2 (size before relaxing)
 .debug_str     0x0000000000090b75      0x520 Drivers/STM32F4xx_HAL_Driver/Src/stm32f4xx_hal_spi.o
                                      0x881b3 (size before relaxing)
 .debug_str     0x0000000000091095      0xd69 Drivers/STM32F4xx_HAL_Driver/Src/stm32f4xx_hal_tim.o
                                      0x88a51 (size before relaxing)
 .debug_str     0x0000000000091dfe      0x4ec Drivers/STM32F4xx_HAL_Driver/Src/stm32f4xx_hal_tim_ex.o
                                      0x88251 (size before relaxing)
 .debug_str     0x00000000000922ea     0x379f Middlewares/Third_Party/FreeRTOS/Source/CMSIS_RTOS/cmsis_os.o
                                       0xdd7e (size before relaxing)
 .debug_str     0x0000000000095a89      0x225 Middlewares/Third_Party/FreeRTOS/Source/list.o
                                       0xa4c6 (size before relaxing)
 .debug_str     0x0000000000095cae      0x7d3 Middlewares/Third_Party/FreeRTOS/Source/queue.o
                                       0xbb7a (size before relaxing)
 .debug_str     0x0000000000096481     0x11ca Middlewares/Third_Party/FreeRTOS/Source/tasks.o
                                       0xc6b3 (size before relaxing)
 .debug_str     0x000000000009764b      0x803 Middlewares/Third_Party/FreeRTOS/Source/portable/GCC/ARM_CM4F/port.o
                                       0x81bf (size before relaxing)
 .debug_str     0x0000000000097e4e      0x25a Middlewares/Third_Party/FreeRTOS/Source/portable/MemMang/heap_4.o
                                       0xabe9 (size before relaxing)

.comment        0x0000000000000000       0x7b
 .comment       0x0000000000000000       0x7b Core/Src/Deferred_Sever.o
                                         0x7c (size before relaxing)
 .comment       0x000000000000007b       0x7c Core/Src/freertos.o
 .comment       0x000000000000007b       0x7c Core/Src/main.o
 .comment       0x000000000000007b       0x7c Core/Src/stm32f4xx_hal_msp.o
 .comment       0x000000000000007b       0x7c Core/Src/stm32f4xx_hal_timebase_tim.o
 .comment       0x000000000000007b       0x7c Core/Src/stm32f4xx_it.o
 .comment       0x000000000000007b       0x7c Core/Src/system_stm32f4xx.o
 .comment       0x000000000000007b       0x7c Drivers/STM32F4xx_HAL_Driver/Src/stm32f4xx_hal.o
 .comment       0x000000000000007b       0x7c Drivers/STM32F4xx_HAL_Driver/Src/stm32f4xx_hal_cortex.o
 .comment       0x000000000000007b       0x7c Drivers/STM32F4xx_HAL_Driver/Src/stm32f4xx_hal_gpio.o
 .comment       0x000000000000007b       0x7c Drivers/STM32F4xx_HAL_Driver/Src/stm32f4xx_hal_i2c.o
 .comment       0x000000000000007b       0x7c Drivers/STM32F4xx_HAL_Driver/Src/stm32f4xx_hal_i2s.o
 .comment       0x000000000000007b       0x7c Drivers/STM32F4xx_HAL_Driver/Src/stm32f4xx_hal_i2s_ex.o
 .comment       0x000000000000007b       0x7c Drivers/STM32F4xx_HAL_Driver/Src/stm32f4xx_hal_rcc.o
 .comment       0x000000000000007b       0x7c Drivers/STM32F4xx_HAL_Driver/Src/stm32f4xx_hal_rcc_ex.o
 .comment       0x000000000000007b       0x7c Drivers/STM32F4xx_HAL_Driver/Src/stm32f4xx_hal_spi.o
 .comment       0x000000000000007b       0x7c Drivers/STM32F4xx_HAL_Driver/Src/stm32f4xx_hal_tim.o
 .comment       0x000000000000007b       0x7c Drivers/STM32F4xx_HAL_Driver/Src/stm32f4xx_hal_tim_ex.o
 .comment       0x000000000000007b       0x7c Middlewares/Third_Party/FreeRTOS/Source/CMSIS_RTOS/cmsis_os.o
 .comment       0x000000000000007b       0x7c Middlewares/Third_Party/FreeRTOS/Source/list.o
 .comment       0x000000000000007b       0x7c Middlewares/Third_Party/FreeRTOS/Source/queue.o
 .comment       0x000000000000007b       0x7c Middlewares/Third_Party/FreeRTOS/Source/tasks.o
 .comment       0x000000000000007b       0x7c Middlewares/Third_Party/FreeRTOS/Source/portable/GCC/ARM_CM4F/port.o
 .comment       0x000000000000007b       0x7c Middlewares/Third_Party/FreeRTOS/Source/portable/MemMang/heap_4.o

.debug_frame    0x0000000000000000     0x5ad0
 .debug_frame   0x0000000000000000       0x64 Core/Src/Deferred_Sever.o
 .debug_frame   0x0000000000000064       0x38 Core/Src/freertos.o
 .debug_frame   0x000000000000009c      0x190 Core/Src/main.o
 .debug_frame   0x000000000000022c      0x10c Core/Src/stm32f4xx_hal_msp.o
 .debug_frame   0x0000000000000338       0x74 Core/Src/stm32f4xx_hal_timebase_tim.o
 .debug_frame   0x00000000000003ac       0xe8 Core/Src/stm32f4xx_it.o
 .debug_frame   0x0000000000000494       0x58 Core/Src/system_stm32f4xx.o
 .debug_frame   0x00000000000004ec      0x374 Drivers/STM32F4xx_HAL_Driver/Src/stm32f4xx_hal.o
 .debug_frame   0x0000000000000860      0x498 Drivers/STM32F4xx_HAL_Driver/Src/stm32f4xx_hal_cortex.o
 .debug_frame   0x0000000000000cf8      0x14c Drivers/STM32F4xx_HAL_Driver/Src/stm32f4xx_hal_gpio.o
 .debug_frame   0x0000000000000e44      0xc38 Drivers/STM32F4xx_HAL_Driver/Src/stm32f4xx_hal_i2c.o
 .debug_frame   0x0000000000001a7c      0x480 Drivers/STM32F4xx_HAL_Driver/Src/stm32f4xx_hal_i2s.o
 .debug_frame   0x0000000000001efc      0x220 Drivers/STM32F4xx_HAL_Driver/Src/stm32f4xx_hal_i2s_ex.o
 .debug_frame   0x000000000000211c      0x1f0 Drivers/STM32F4xx_HAL_Driver/Src/stm32f4xx_hal_rcc.o
 .debug_frame   0x000000000000230c      0x118 Drivers/STM32F4xx_HAL_Driver/Src/stm32f4xx_hal_rcc_ex.o
 .debug_frame   0x0000000000002424      0x824 Drivers/STM32F4xx_HAL_Driver/Src/stm32f4xx_hal_spi.o
 .debug_frame   0x0000000000002c48     0x10e8 Drivers/STM32F4xx_HAL_Driver/Src/stm32f4xx_hal_tim.o
 .debug_frame   0x0000000000003d30      0x5c0 Drivers/STM32F4xx_HAL_Driver/Src/stm32f4xx_hal_tim_ex.o
 .debug_frame   0x00000000000042f0      0x80c Middlewares/Third_Party/FreeRTOS/Source/CMSIS_RTOS/cmsis_os.o
 .debug_frame   0x0000000000004afc       0xd8 Middlewares/Third_Party/FreeRTOS/Source/list.o
 .debug_frame   0x0000000000004bd4      0x46c Middlewares/Third_Party/FreeRTOS/Source/queue.o
 .debug_frame   0x0000000000005040      0x734 Middlewares/Third_Party/FreeRTOS/Source/tasks.o
 .debug_frame   0x0000000000005774      0x1a8 Middlewares/Third_Party/FreeRTOS/Source/portable/GCC/ARM_CM4F/port.o
 .debug_frame   0x000000000000591c      0x108 Middlewares/Third_Party/FreeRTOS/Source/portable/MemMang/heap_4.o
 .debug_frame   0x0000000000005a24       0x2c c:/rtos/stm32cubeide/plugins/com.st.stm32cube.ide.mcu.externaltools.gnu-tools-for-stm32.7-2018-q2-update.win32_1.0.0.201904181610/tools/bin/../lib/gcc/arm-none-eabi/7.3.1/../../../../arm-none-eabi/lib/thumb/v7e-m/fpv4-sp/hard\libc_nano.a(lib_a-init.o)
 .debug_frame   0x0000000000005a50       0x20 c:/rtos/stm32cubeide/plugins/com.st.stm32cube.ide.mcu.externaltools.gnu-tools-for-stm32.7-2018-q2-update.win32_1.0.0.201904181610/tools/bin/../lib/gcc/arm-none-eabi/7.3.1/../../../../arm-none-eabi/lib/thumb/v7e-m/fpv4-sp/hard\libc_nano.a(lib_a-memset.o)
 .debug_frame   0x0000000000005a70       0x2c c:/rtos/stm32cubeide/plugins/com.st.stm32cube.ide.mcu.externaltools.gnu-tools-for-stm32.7-2018-q2-update.win32_1.0.0.201904181610/tools/bin/../lib/gcc/arm-none-eabi/7.3.1/thumb/v7e-m/fpv4-sp/hard\libgcc.a(_aeabi_uldivmod.o)
 .debug_frame   0x0000000000005a9c       0x34 c:/rtos/stm32cubeide/plugins/com.st.stm32cube.ide.mcu.externaltools.gnu-tools-for-stm32.7-2018-q2-update.win32_1.0.0.201904181610/tools/bin/../lib/gcc/arm-none-eabi/7.3.1/thumb/v7e-m/fpv4-sp/hard\libgcc.a(_udivmoddi4.o)
